Component: ARM Compiler 5.06 update 3 (build 300) Tool: armlink [4d35c9]

==============================================================================

Section Cross References

    stm32f4xx_gpio.o(.text) refers to stm32f4xx_rcc.o(.text) for RCC_AHB1PeriphResetCmd
    stm32f4xx_rcc.o(.text) refers to stm32f4xx_rcc.o(.data) for APBAHBPrescTable
    stm32f4xx_syscfg.o(.text) refers to stm32f4xx_rcc.o(.text) for RCC_APB2PeriphResetCmd
    stm32f4xx_usart.o(.text) refers to stm32f4xx_rcc.o(.text) for RCC_APB2PeriphResetCmd
    system_stm32f4xx.o(.text) refers to system_stm32f4xx.o(.data) for SystemCoreClock
    startup_stm32f401xx.o(RESET) refers to startup_stm32f401xx.o(STACK) for __initial_sp
    startup_stm32f401xx.o(RESET) refers to startup_stm32f401xx.o(.text) for Reset_Handler
    startup_stm32f401xx.o(RESET) refers to stm32f4xx_it.o(.text) for NMI_Handler
    startup_stm32f401xx.o(RESET) refers to config.o(.text) for SysTick_Handler
    startup_stm32f401xx.o(RESET) refers to hal_motor.o(.text) for TIM3_IRQHandler
    startup_stm32f401xx.o(RESET) refers to em380c_hal.o(.text) for USART2_IRQHandler
    startup_stm32f401xx.o(.text) refers to system_stm32f4xx.o(.text) for SystemInit
    startup_stm32f401xx.o(.text) refers to entry.o(.ARM.Collect$$$$00000000) for __main
    stm32f4xx_tim.o(.text) refers to stm32f4xx_rcc.o(.text) for RCC_APB2PeriphResetCmd
    stm32f4xx_it.o(.text) refers to stm32f4xx_usart.o(.text) for USART_GetITStatus
    delay.o(.text) refers to misc.o(.text) for SysTick_CLKSourceConfig
    delay.o(.text) refers to delay.o(.data) for s_chFacMicro
    config.o(.text) refers to stm32f4xx_rcc.o(.text) for RCC_AHB1PeriphClockCmd
    config.o(.text) refers to stm32f4xx_gpio.o(.text) for GPIO_Init
    config.o(.text) refers to stm32f4xx_usart.o(.text) for USART_Init
    config.o(.text) refers to delay.o(.text) for delay_init
    config.o(.text) refers to system_stm32f4xx.o(.text) for SystemCoreClockUpdate
    main.o(.text) refers to stm32f4xx_gpio.o(.text) for GPIO_WriteBit
    main.o(.text) refers to delay.o(.text) for delay_ms
    main.o(.text) refers to hal_rgb_led.o(.text) for LED_RGB_Control
    main.o(.text) refers to emsp_api.o(.text) for EM380C_Init
    main.o(.text) refers to strcpy.o(.text) for strcpy
    main.o(.text) refers to strlen.o(.text) for strlen
    main.o(.text) refers to em380c_hal.o(.text) for UART_receive_buf
    main.o(.text) refers to memcpya.o(.text) for __aeabi_memcpy
    main.o(.text) refers to hal_uart.o(.text) for UARTx_Init
    main.o(.text) refers to config.o(.text) for system_init
    main.o(.text) refers to main.o(.data) for version
    main.o(.text) refers to main.o(.bss) for parm
    main.o(.text) refers to main.o(.constdata) for WIFI_SSID
    hal_uart.o(.text) refers to stm32f4xx_gpio.o(.text) for GPIO_Init
    hal_uart.o(.text) refers to stm32f4xx_rcc.o(.text) for RCC_APB1PeriphClockCmd
    hal_uart.o(.text) refers to stm32f4xx_usart.o(.text) for USART_Init
    hal_uart.o(.text) refers to misc.o(.text) for NVIC_Init
    em380c_hal.o(.text) refers to stm32f4xx_gpio.o(.text) for GPIO_SetBits
    em380c_hal.o(.text) refers to stm32f4xx_usart.o(.text) for USART_SendData
    em380c_hal.o(.text) refers to memcpya.o(.text) for __aeabi_memcpy
    em380c_hal.o(.text) refers to em380c_hal.o(.data) for buff_pos
    em380c_hal.o(.text) refers to em380c_hal.o(.bss) for EM380RxBuffer
    emsp.o(.text) refers to em380c_hal.o(.text) for UART_receive_buf
    emsp.o(.text) refers to memcpya.o(.text) for __aeabi_memcpy
    emsp.o(.text) refers to delay.o(.text) for delay_ms
    emsp.o(.text) refers to emsp.o(.bss) for recvbuf
    emsp.o(.text) refers to emsp.o(.data) for recvlen
    emsp_api.o(.text) refers to emsp.o(.text) for send_cmd
    emsp_api.o(.text) refers to memcpya.o(.text) for __aeabi_memcpy
    emsp_api.o(.text) refers to strcspn.o(.text) for strcspn
    emsp_api.o(.text) refers to em380c_hal.o(.text) for SET_STATUS_PIN
    emsp_api.o(.text) refers to delay.o(.text) for delay_ms
    emsp_api.o(.text) refers to malloc.o(i.malloc) for malloc
    emsp_api.o(.text) refers to emsp.o(.data) for recvdata
    hal_rgb_led.o(.text) refers to stm32f4xx_gpio.o(.text) for GPIO_WriteBit
    hal_infrared.o(.text) refers to stm32f4xx_gpio.o(.text) for GPIO_Init
    hal_infrared.o(.text) refers to hal_infrared.o(.data) for bInfrared
    hal_key.o(.text) refers to stm32f4xx_rcc.o(.text) for RCC_APB2PeriphClockCmd
    hal_key.o(.text) refers to stm32f4xx_gpio.o(.text) for GPIO_Init
    hal_key.o(.text) refers to stm32f4xx_tim.o(.text) for TIM_TimeBaseInit
    hal_key.o(.text) refers to misc.o(.text) for NVIC_Init
    hal_key.o(.text) refers to printfb.o(i.__0printf$bare) for __2printf
    hal_key.o(.text) refers to hal_key.o(.data) for KeyCountTime
    hal_led.o(.text) refers to stm32f4xx_gpio.o(.text) for GPIO_ResetBits
    hal_motor.o(.text) refers to stm32f4xx_rcc.o(.text) for RCC_APB1PeriphClockCmd
    hal_motor.o(.text) refers to stm32f4xx_gpio.o(.text) for GPIO_Init
    hal_motor.o(.text) refers to stm32f4xx_tim.o(.text) for TIM_OC1Init
    hal_temp_hum.o(.text) refers to stm32f4xx_gpio.o(.text) for GPIO_Init
    hal_temp_hum.o(.text) refers to delay.o(.text) for delay_ms
    entry.o(.ARM.Collect$$$$00000000) refers (Special) to entry10a.o(.ARM.Collect$$$$0000000D) for __rt_final_cpp
    entry.o(.ARM.Collect$$$$00000000) refers (Special) to entry11a.o(.ARM.Collect$$$$0000000F) for __rt_final_exit
    entry.o(.ARM.Collect$$$$00000000) refers (Special) to entry7b.o(.ARM.Collect$$$$00000008) for _main_clock
    entry.o(.ARM.Collect$$$$00000000) refers (Special) to entry8b.o(.ARM.Collect$$$$0000000A) for _main_cpp_init
    entry.o(.ARM.Collect$$$$00000000) refers (Special) to entry9a.o(.ARM.Collect$$$$0000000B) for _main_init
    entry.o(.ARM.Collect$$$$00000000) refers (Special) to entry5.o(.ARM.Collect$$$$00000004) for _main_scatterload
    entry.o(.ARM.Collect$$$$00000000) refers (Special) to entry2.o(.ARM.Collect$$$$00000001) for _main_stk
    printfb.o(i.__0fprintf$bare) refers to printfb.o(i._printf_core) for _printf_core
    printfb.o(i.__0fprintf$bare) refers to hal_uart.o(.text) for fputc
    printfb.o(i.__0printf$bare) refers to printfb.o(i._printf_core) for _printf_core
    printfb.o(i.__0printf$bare) refers to hal_uart.o(.text) for fputc
    printfb.o(i.__0printf$bare) refers to stdout.o(.data) for __stdout
    printfb.o(i.__0snprintf$bare) refers to printfb.o(i._printf_core) for _printf_core
    printfb.o(i.__0snprintf$bare) refers to printfb.o(i._snputc) for _snputc
    printfb.o(i.__0sprintf$bare) refers to printfb.o(i._printf_core) for _printf_core
    printfb.o(i.__0sprintf$bare) refers to printfb.o(i._sputc) for _sputc
    printfb.o(i.__0vfprintf$bare) refers to printfb.o(i._printf_core) for _printf_core
    printfb.o(i.__0vfprintf$bare) refers to hal_uart.o(.text) for fputc
    printfb.o(i.__0vprintf$bare) refers to printfb.o(i._printf_core) for _printf_core
    printfb.o(i.__0vprintf$bare) refers to hal_uart.o(.text) for fputc
    printfb.o(i.__0vprintf$bare) refers to stdout.o(.data) for __stdout
    printfb.o(i.__0vsnprintf$bare) refers to printfb.o(i._printf_core) for _printf_core
    printfb.o(i.__0vsnprintf$bare) refers to printfb.o(i._snputc) for _snputc
    printfb.o(i.__0vsprintf$bare) refers to printfb.o(i._printf_core) for _printf_core
    printfb.o(i.__0vsprintf$bare) refers to printfb.o(i._sputc) for _sputc
    printf0.o(i.__0fprintf$0) refers to printf0.o(i._printf_core) for _printf_core
    printf0.o(i.__0fprintf$0) refers to hal_uart.o(.text) for fputc
    printf0.o(i.__0printf$0) refers to printf0.o(i._printf_core) for _printf_core
    printf0.o(i.__0printf$0) refers to hal_uart.o(.text) for fputc
    printf0.o(i.__0printf$0) refers to stdout.o(.data) for __stdout
    printf0.o(i.__0snprintf$0) refers to printf0.o(i._printf_core) for _printf_core
    printf0.o(i.__0snprintf$0) refers to printf0.o(i._snputc) for _snputc
    printf0.o(i.__0sprintf$0) refers to printf0.o(i._printf_core) for _printf_core
    printf0.o(i.__0sprintf$0) refers to printf0.o(i._sputc) for _sputc
    printf0.o(i.__0vfprintf$0) refers to printf0.o(i._printf_core) for _printf_core
    printf0.o(i.__0vfprintf$0) refers to hal_uart.o(.text) for fputc
    printf0.o(i.__0vprintf$0) refers to printf0.o(i._printf_core) for _printf_core
    printf0.o(i.__0vprintf$0) refers to hal_uart.o(.text) for fputc
    printf0.o(i.__0vprintf$0) refers to stdout.o(.data) for __stdout
    printf0.o(i.__0vsnprintf$0) refers to printf0.o(i._printf_core) for _printf_core
    printf0.o(i.__0vsnprintf$0) refers to printf0.o(i._snputc) for _snputc
    printf0.o(i.__0vsprintf$0) refers to printf0.o(i._printf_core) for _printf_core
    printf0.o(i.__0vsprintf$0) refers to printf0.o(i._sputc) for _sputc
    printf1.o(i.__0fprintf$1) refers to printf1.o(i._printf_core) for _printf_core
    printf1.o(i.__0fprintf$1) refers to hal_uart.o(.text) for fputc
    printf1.o(i.__0printf$1) refers to printf1.o(i._printf_core) for _printf_core
    printf1.o(i.__0printf$1) refers to hal_uart.o(.text) for fputc
    printf1.o(i.__0printf$1) refers to stdout.o(.data) for __stdout
    printf1.o(i.__0snprintf$1) refers to printf1.o(i._printf_core) for _printf_core
    printf1.o(i.__0snprintf$1) refers to printf1.o(i._snputc) for _snputc
    printf1.o(i.__0sprintf$1) refers to printf1.o(i._printf_core) for _printf_core
    printf1.o(i.__0sprintf$1) refers to printf1.o(i._sputc) for _sputc
    printf1.o(i.__0vfprintf$1) refers to printf1.o(i._printf_core) for _printf_core
    printf1.o(i.__0vfprintf$1) refers to hal_uart.o(.text) for fputc
    printf1.o(i.__0vprintf$1) refers to printf1.o(i._printf_core) for _printf_core
    printf1.o(i.__0vprintf$1) refers to hal_uart.o(.text) for fputc
    printf1.o(i.__0vprintf$1) refers to stdout.o(.data) for __stdout
    printf1.o(i.__0vsnprintf$1) refers to printf1.o(i._printf_core) for _printf_core
    printf1.o(i.__0vsnprintf$1) refers to printf1.o(i._snputc) for _snputc
    printf1.o(i.__0vsprintf$1) refers to printf1.o(i._printf_core) for _printf_core
    printf1.o(i.__0vsprintf$1) refers to printf1.o(i._sputc) for _sputc
    printf1.o(i._printf_core) refers to uidiv.o(.text) for __aeabi_uidivmod
    printf2.o(i.__0fprintf$2) refers to printf2.o(i._printf_core) for _printf_core
    printf2.o(i.__0fprintf$2) refers to hal_uart.o(.text) for fputc
    printf2.o(i.__0printf$2) refers to printf2.o(i._printf_core) for _printf_core
    printf2.o(i.__0printf$2) refers to hal_uart.o(.text) for fputc
    printf2.o(i.__0printf$2) refers to stdout.o(.data) for __stdout
    printf2.o(i.__0snprintf$2) refers to printf2.o(i._printf_core) for _printf_core
    printf2.o(i.__0snprintf$2) refers to printf2.o(i._snputc) for _snputc
    printf2.o(i.__0sprintf$2) refers to printf2.o(i._printf_core) for _printf_core
    printf2.o(i.__0sprintf$2) refers to printf2.o(i._sputc) for _sputc
    printf2.o(i.__0vfprintf$2) refers to printf2.o(i._printf_core) for _printf_core
    printf2.o(i.__0vfprintf$2) refers to hal_uart.o(.text) for fputc
    printf2.o(i.__0vprintf$2) refers to printf2.o(i._printf_core) for _printf_core
    printf2.o(i.__0vprintf$2) refers to hal_uart.o(.text) for fputc
    printf2.o(i.__0vprintf$2) refers to stdout.o(.data) for __stdout
    printf2.o(i.__0vsnprintf$2) refers to printf2.o(i._printf_core) for _printf_core
    printf2.o(i.__0vsnprintf$2) refers to printf2.o(i._snputc) for _snputc
    printf2.o(i.__0vsprintf$2) refers to printf2.o(i._printf_core) for _printf_core
    printf2.o(i.__0vsprintf$2) refers to printf2.o(i._sputc) for _sputc
    printf3.o(i.__0fprintf$3) refers to printf3.o(i._printf_core) for _printf_core
    printf3.o(i.__0fprintf$3) refers to hal_uart.o(.text) for fputc
    printf3.o(i.__0printf$3) refers to printf3.o(i._printf_core) for _printf_core
    printf3.o(i.__0printf$3) refers to hal_uart.o(.text) for fputc
    printf3.o(i.__0printf$3) refers to stdout.o(.data) for __stdout
    printf3.o(i.__0snprintf$3) refers to printf3.o(i._printf_core) for _printf_core
    printf3.o(i.__0snprintf$3) refers to printf3.o(i._snputc) for _snputc
    printf3.o(i.__0sprintf$3) refers to printf3.o(i._printf_core) for _printf_core
    printf3.o(i.__0sprintf$3) refers to printf3.o(i._sputc) for _sputc
    printf3.o(i.__0vfprintf$3) refers to printf3.o(i._printf_core) for _printf_core
    printf3.o(i.__0vfprintf$3) refers to hal_uart.o(.text) for fputc
    printf3.o(i.__0vprintf$3) refers to printf3.o(i._printf_core) for _printf_core
    printf3.o(i.__0vprintf$3) refers to hal_uart.o(.text) for fputc
    printf3.o(i.__0vprintf$3) refers to stdout.o(.data) for __stdout
    printf3.o(i.__0vsnprintf$3) refers to printf3.o(i._printf_core) for _printf_core
    printf3.o(i.__0vsnprintf$3) refers to printf3.o(i._snputc) for _snputc
    printf3.o(i.__0vsprintf$3) refers to printf3.o(i._printf_core) for _printf_core
    printf3.o(i.__0vsprintf$3) refers to printf3.o(i._sputc) for _sputc
    printf3.o(i._printf_core) refers to uidiv.o(.text) for __aeabi_uidivmod
    printf4.o(i.__0fprintf$4) refers to printf4.o(i._printf_core) for _printf_core
    printf4.o(i.__0fprintf$4) refers to hal_uart.o(.text) for fputc
    printf4.o(i.__0printf$4) refers to printf4.o(i._printf_core) for _printf_core
    printf4.o(i.__0printf$4) refers to hal_uart.o(.text) for fputc
    printf4.o(i.__0printf$4) refers to stdout.o(.data) for __stdout
    printf4.o(i.__0snprintf$4) refers to printf4.o(i._printf_core) for _printf_core
    printf4.o(i.__0snprintf$4) refers to printf4.o(i._snputc) for _snputc
    printf4.o(i.__0sprintf$4) refers to printf4.o(i._printf_core) for _printf_core
    printf4.o(i.__0sprintf$4) refers to printf4.o(i._sputc) for _sputc
    printf4.o(i.__0vfprintf$4) refers to printf4.o(i._printf_core) for _printf_core
    printf4.o(i.__0vfprintf$4) refers to hal_uart.o(.text) for fputc
    printf4.o(i.__0vprintf$4) refers to printf4.o(i._printf_core) for _printf_core
    printf4.o(i.__0vprintf$4) refers to hal_uart.o(.text) for fputc
    printf4.o(i.__0vprintf$4) refers to stdout.o(.data) for __stdout
    printf4.o(i.__0vsnprintf$4) refers to printf4.o(i._printf_core) for _printf_core
    printf4.o(i.__0vsnprintf$4) refers to printf4.o(i._snputc) for _snputc
    printf4.o(i.__0vsprintf$4) refers to printf4.o(i._printf_core) for _printf_core
    printf4.o(i.__0vsprintf$4) refers to printf4.o(i._sputc) for _sputc
    printf4.o(i._printf_core) refers to uldiv.o(.text) for __aeabi_uldivmod
    printf5.o(i.__0fprintf$5) refers to printf5.o(i._printf_core) for _printf_core
    printf5.o(i.__0fprintf$5) refers to hal_uart.o(.text) for fputc
    printf5.o(i.__0printf$5) refers to printf5.o(i._printf_core) for _printf_core
    printf5.o(i.__0printf$5) refers to hal_uart.o(.text) for fputc
    printf5.o(i.__0printf$5) refers to stdout.o(.data) for __stdout
    printf5.o(i.__0snprintf$5) refers to printf5.o(i._printf_core) for _printf_core
    printf5.o(i.__0snprintf$5) refers to printf5.o(i._snputc) for _snputc
    printf5.o(i.__0sprintf$5) refers to printf5.o(i._printf_core) for _printf_core
    printf5.o(i.__0sprintf$5) refers to printf5.o(i._sputc) for _sputc
    printf5.o(i.__0vfprintf$5) refers to printf5.o(i._printf_core) for _printf_core
    printf5.o(i.__0vfprintf$5) refers to hal_uart.o(.text) for fputc
    printf5.o(i.__0vprintf$5) refers to printf5.o(i._printf_core) for _printf_core
    printf5.o(i.__0vprintf$5) refers to hal_uart.o(.text) for fputc
    printf5.o(i.__0vprintf$5) refers to stdout.o(.data) for __stdout
    printf5.o(i.__0vsnprintf$5) refers to printf5.o(i._printf_core) for _printf_core
    printf5.o(i.__0vsnprintf$5) refers to printf5.o(i._snputc) for _snputc
    printf5.o(i.__0vsprintf$5) refers to printf5.o(i._printf_core) for _printf_core
    printf5.o(i.__0vsprintf$5) refers to printf5.o(i._sputc) for _sputc
    printf5.o(i._printf_core) refers to uldiv.o(.text) for __aeabi_uldivmod
    printf6.o(i.__0fprintf$6) refers to printf6.o(i._printf_core) for _printf_core
    printf6.o(i.__0fprintf$6) refers to hal_uart.o(.text) for fputc
    printf6.o(i.__0printf$6) refers to printf6.o(i._printf_core) for _printf_core
    printf6.o(i.__0printf$6) refers to hal_uart.o(.text) for fputc
    printf6.o(i.__0printf$6) refers to stdout.o(.data) for __stdout
    printf6.o(i.__0snprintf$6) refers to printf6.o(i._printf_core) for _printf_core
    printf6.o(i.__0snprintf$6) refers to printf6.o(i._snputc) for _snputc
    printf6.o(i.__0sprintf$6) refers to printf6.o(i._printf_core) for _printf_core
    printf6.o(i.__0sprintf$6) refers to printf6.o(i._sputc) for _sputc
    printf6.o(i.__0vfprintf$6) refers to printf6.o(i._printf_core) for _printf_core
    printf6.o(i.__0vfprintf$6) refers to hal_uart.o(.text) for fputc
    printf6.o(i.__0vprintf$6) refers to printf6.o(i._printf_core) for _printf_core
    printf6.o(i.__0vprintf$6) refers to hal_uart.o(.text) for fputc
    printf6.o(i.__0vprintf$6) refers to stdout.o(.data) for __stdout
    printf6.o(i.__0vsnprintf$6) refers to printf6.o(i._printf_core) for _printf_core
    printf6.o(i.__0vsnprintf$6) refers to printf6.o(i._snputc) for _snputc
    printf6.o(i.__0vsprintf$6) refers to printf6.o(i._printf_core) for _printf_core
    printf6.o(i.__0vsprintf$6) refers to printf6.o(i._sputc) for _sputc
    printf6.o(i._printf_core) refers to printf6.o(i._printf_pre_padding) for _printf_pre_padding
    printf6.o(i._printf_core) refers to uidiv.o(.text) for __aeabi_uidivmod
    printf6.o(i._printf_core) refers to printf6.o(i._printf_post_padding) for _printf_post_padding
    printf7.o(i.__0fprintf$7) refers to printf7.o(i._printf_core) for _printf_core
    printf7.o(i.__0fprintf$7) refers to hal_uart.o(.text) for fputc
    printf7.o(i.__0printf$7) refers to printf7.o(i._printf_core) for _printf_core
    printf7.o(i.__0printf$7) refers to hal_uart.o(.text) for fputc
    printf7.o(i.__0printf$7) refers to stdout.o(.data) for __stdout
    printf7.o(i.__0snprintf$7) refers to printf7.o(i._printf_core) for _printf_core
    printf7.o(i.__0snprintf$7) refers to printf7.o(i._snputc) for _snputc
    printf7.o(i.__0sprintf$7) refers to printf7.o(i._printf_core) for _printf_core
    printf7.o(i.__0sprintf$7) refers to printf7.o(i._sputc) for _sputc
    printf7.o(i.__0vfprintf$7) refers to printf7.o(i._printf_core) for _printf_core
    printf7.o(i.__0vfprintf$7) refers to hal_uart.o(.text) for fputc
    printf7.o(i.__0vprintf$7) refers to printf7.o(i._printf_core) for _printf_core
    printf7.o(i.__0vprintf$7) refers to hal_uart.o(.text) for fputc
    printf7.o(i.__0vprintf$7) refers to stdout.o(.data) for __stdout
    printf7.o(i.__0vsnprintf$7) refers to printf7.o(i._printf_core) for _printf_core
    printf7.o(i.__0vsnprintf$7) refers to printf7.o(i._snputc) for _snputc
    printf7.o(i.__0vsprintf$7) refers to printf7.o(i._printf_core) for _printf_core
    printf7.o(i.__0vsprintf$7) refers to printf7.o(i._sputc) for _sputc
    printf7.o(i._printf_core) refers to printf7.o(i._printf_pre_padding) for _printf_pre_padding
    printf7.o(i._printf_core) refers to uldiv.o(.text) for __aeabi_uldivmod
    printf7.o(i._printf_core) refers to printf7.o(i._printf_post_padding) for _printf_post_padding
    printf8.o(i.__0fprintf$8) refers to printf8.o(i._printf_core) for _printf_core
    printf8.o(i.__0fprintf$8) refers to hal_uart.o(.text) for fputc
    printf8.o(i.__0printf$8) refers to printf8.o(i._printf_core) for _printf_core
    printf8.o(i.__0printf$8) refers to hal_uart.o(.text) for fputc
    printf8.o(i.__0printf$8) refers to stdout.o(.data) for __stdout
    printf8.o(i.__0snprintf$8) refers to printf8.o(i._printf_core) for _printf_core
    printf8.o(i.__0snprintf$8) refers to printf8.o(i._snputc) for _snputc
    printf8.o(i.__0sprintf$8) refers to printf8.o(i._printf_core) for _printf_core
    printf8.o(i.__0sprintf$8) refers to printf8.o(i._sputc) for _sputc
    printf8.o(i.__0vfprintf$8) refers to printf8.o(i._printf_core) for _printf_core
    printf8.o(i.__0vfprintf$8) refers to hal_uart.o(.text) for fputc
    printf8.o(i.__0vprintf$8) refers to printf8.o(i._printf_core) for _printf_core
    printf8.o(i.__0vprintf$8) refers to hal_uart.o(.text) for fputc
    printf8.o(i.__0vprintf$8) refers to stdout.o(.data) for __stdout
    printf8.o(i.__0vsnprintf$8) refers to printf8.o(i._printf_core) for _printf_core
    printf8.o(i.__0vsnprintf$8) refers to printf8.o(i._snputc) for _snputc
    printf8.o(i.__0vsprintf$8) refers to printf8.o(i._printf_core) for _printf_core
    printf8.o(i.__0vsprintf$8) refers to printf8.o(i._sputc) for _sputc
    printf8.o(i._printf_core) refers to printf8.o(i._printf_pre_padding) for _printf_pre_padding
    printf8.o(i._printf_core) refers to uldiv.o(.text) for __aeabi_uldivmod
    printf8.o(i._printf_core) refers to printf8.o(i._printf_post_padding) for _printf_post_padding
    printfa.o(i.__0fprintf) refers (Special) to iusefp.o(.text) for __I$use$fp
    printfa.o(i.__0fprintf) refers to printfa.o(i._printf_core) for _printf_core
    printfa.o(i.__0fprintf) refers to hal_uart.o(.text) for fputc
    printfa.o(i.__0printf) refers (Special) to iusefp.o(.text) for __I$use$fp
    printfa.o(i.__0printf) refers to printfa.o(i._printf_core) for _printf_core
    printfa.o(i.__0printf) refers to hal_uart.o(.text) for fputc
    printfa.o(i.__0printf) refers to stdout.o(.data) for __stdout
    printfa.o(i.__0snprintf) refers (Special) to iusefp.o(.text) for __I$use$fp
    printfa.o(i.__0snprintf) refers to printfa.o(i._printf_core) for _printf_core
    printfa.o(i.__0snprintf) refers to printfa.o(i._snputc) for _snputc
    printfa.o(i.__0sprintf) refers (Special) to iusefp.o(.text) for __I$use$fp
    printfa.o(i.__0sprintf) refers to printfa.o(i._printf_core) for _printf_core
    printfa.o(i.__0sprintf) refers to printfa.o(i._sputc) for _sputc
    printfa.o(i.__0vfprintf) refers (Special) to iusefp.o(.text) for __I$use$fp
    printfa.o(i.__0vfprintf) refers to printfa.o(i._printf_core) for _printf_core
    printfa.o(i.__0vfprintf) refers to hal_uart.o(.text) for fputc
    printfa.o(i.__0vprintf) refers (Special) to iusefp.o(.text) for __I$use$fp
    printfa.o(i.__0vprintf) refers to printfa.o(i._printf_core) for _printf_core
    printfa.o(i.__0vprintf) refers to hal_uart.o(.text) for fputc
    printfa.o(i.__0vprintf) refers to stdout.o(.data) for __stdout
    printfa.o(i.__0vsnprintf) refers (Special) to iusefp.o(.text) for __I$use$fp
    printfa.o(i.__0vsnprintf) refers to printfa.o(i._printf_core) for _printf_core
    printfa.o(i.__0vsnprintf) refers to printfa.o(i._snputc) for _snputc
    printfa.o(i.__0vsprintf) refers (Special) to iusefp.o(.text) for __I$use$fp
    printfa.o(i.__0vsprintf) refers to printfa.o(i._printf_core) for _printf_core
    printfa.o(i.__0vsprintf) refers to printfa.o(i._sputc) for _sputc
    printfa.o(i._fp_digits) refers (Special) to iusefp.o(.text) for __I$use$fp
    printfa.o(i._fp_digits) refers to dmul.o(.text) for __aeabi_dmul
    printfa.o(i._fp_digits) refers to ddiv.o(.text) for __aeabi_ddiv
    printfa.o(i._fp_digits) refers to cdrcmple.o(.text) for __aeabi_cdrcmple
    printfa.o(i._fp_digits) refers to dadd.o(.text) for __aeabi_dadd
    printfa.o(i._fp_digits) refers to dfixul.o(.text) for __aeabi_d2ulz
    printfa.o(i._fp_digits) refers to uldiv.o(.text) for __aeabi_uldivmod
    printfa.o(i._printf_core) refers (Special) to iusefp.o(.text) for __I$use$fp
    printfa.o(i._printf_core) refers to printfa.o(i._printf_pre_padding) for _printf_pre_padding
    printfa.o(i._printf_core) refers to uldiv.o(.text) for __aeabi_uldivmod
    printfa.o(i._printf_core) refers to printfa.o(i._printf_post_padding) for _printf_post_padding
    printfa.o(i._printf_core) refers to printfa.o(i._fp_digits) for _fp_digits
    printfa.o(i._printf_core) refers to uidiv.o(.text) for __aeabi_uidivmod
    printfa.o(i._printf_post_padding) refers (Special) to iusefp.o(.text) for __I$use$fp
    printfa.o(i._printf_pre_padding) refers (Special) to iusefp.o(.text) for __I$use$fp
    printfa.o(i._snputc) refers (Special) to iusefp.o(.text) for __I$use$fp
    printfa.o(i._sputc) refers (Special) to iusefp.o(.text) for __I$use$fp
    malloc.o(i.free) refers to mvars.o(.data) for __microlib_freelist
    malloc.o(i.malloc) refers to mvars.o(.data) for __microlib_freelist_initialised
    malloc.o(i.malloc) refers to mvars.o(.data) for __microlib_freelist
    malloc.o(i.malloc) refers to startup_stm32f401xx.o(HEAP) for __heap_base
    mallocr.o(i.__free$realloc) refers to mvars.o(.data) for __microlib_freelist
    mallocr.o(i.__malloc$realloc) refers to mallocr.o(i.internal_alloc) for internal_alloc
    mallocr.o(i.__malloc$realloc) refers to mvars.o(.data) for __microlib_freelist_initialised
    mallocr.o(i.__malloc$realloc) refers to startup_stm32f401xx.o(HEAP) for __heap_base
    mallocr.o(i.__malloc$realloc) refers to mvars.o(.data) for __microlib_freelist
    mallocr.o(i.internal_alloc) refers to memcpya.o(.text) for __aeabi_memcpy
    mallocr.o(i.internal_alloc) refers to mvars.o(.data) for __microlib_freelist
    mallocr.o(i.realloc) refers to mallocr.o(i.__free$realloc) for __free$realloc
    mallocr.o(i.realloc) refers to mallocr.o(i.internal_alloc) for internal_alloc
    mallocr.o(i.realloc) refers to mallocr.o(i.__malloc$realloc) for __malloc$realloc
    mallocr.o(i.realloc) refers to mvars.o(.data) for __microlib_freelist
    malloca.o(i.__aligned_malloc) refers to mvars.o(.data) for __microlib_freelist_initialised
    malloca.o(i.__aligned_malloc) refers to mvars.o(.data) for __microlib_freelist
    malloca.o(i.__aligned_malloc) refers to startup_stm32f401xx.o(HEAP) for __heap_base
    malloca.o(i.__free$memalign) refers to mvars.o(.data) for __microlib_freelist
    malloca.o(i.__malloc$memalign) refers to malloca.o(i.__aligned_malloc) for __aligned_malloc
    mallocra.o(i.__aligned_malloc$realloc) refers to mallocra.o(i.internal_alloc) for internal_alloc
    mallocra.o(i.__aligned_malloc$realloc) refers to mvars.o(.data) for __microlib_freelist_initialised
    mallocra.o(i.__aligned_malloc$realloc) refers to startup_stm32f401xx.o(HEAP) for __heap_base
    mallocra.o(i.__aligned_malloc$realloc) refers to mvars.o(.data) for __microlib_freelist
    mallocra.o(i.__free$realloc$memalign) refers to mvars.o(.data) for __microlib_freelist
    mallocra.o(i.__malloc$realloc$memalign) refers to mallocra.o(i.__aligned_malloc$realloc) for __aligned_malloc$realloc
    mallocra.o(i.__realloc$memalign) refers to mallocra.o(i.__free$realloc$memalign) for __free$realloc$memalign
    mallocra.o(i.__realloc$memalign) refers to mallocra.o(i.internal_alloc) for internal_alloc
    mallocra.o(i.__realloc$memalign) refers to mallocra.o(i.__malloc$realloc$memalign) for __malloc$realloc$memalign
    mallocra.o(i.__realloc$memalign) refers to mvars.o(.data) for __microlib_freelist
    mallocra.o(i.internal_alloc) refers to memcpya.o(.text) for __aeabi_memcpy
    mallocra.o(i.internal_alloc) refers to mvars.o(.data) for __microlib_freelist
    entry2.o(.ARM.Collect$$$$00000001) refers to entry2.o(.ARM.Collect$$$$00002712) for __lit__00000000
    entry2.o(.ARM.Collect$$$$00002712) refers to startup_stm32f401xx.o(STACK) for __initial_sp
    entry2.o(__vectab_stack_and_reset_area) refers to startup_stm32f401xx.o(STACK) for __initial_sp
    entry2.o(__vectab_stack_and_reset_area) refers to entry.o(.ARM.Collect$$$$00000000) for __main
    entry5.o(.ARM.Collect$$$$00000004) refers to init.o(.text) for __scatterload
    entry9a.o(.ARM.Collect$$$$0000000B) refers to main.o(.text) for main
    entry9b.o(.ARM.Collect$$$$0000000C) refers to main.o(.text) for main
    uldiv.o(.text) refers to llushr.o(.text) for __aeabi_llsr
    uldiv.o(.text) refers to llshl.o(.text) for __aeabi_llsl
    dadd.o(.text) refers to llshl.o(.text) for __aeabi_llsl
    dadd.o(.text) refers to llsshr.o(.text) for __aeabi_lasr
    dadd.o(.text) refers to depilogue.o(.text) for _double_epilogue
    dmul.o(.text) refers to depilogue.o(.text) for _double_epilogue
    ddiv.o(.text) refers to depilogue.o(.text) for _double_round
    dfixul.o(.text) refers to llushr.o(.text) for __aeabi_llsr
    dfixul.o(.text) refers to llshl.o(.text) for __aeabi_llsl
    init.o(.text) refers to entry5.o(.ARM.Collect$$$$00000004) for __main_after_scatterload
    depilogue.o(.text) refers to llshl.o(.text) for __aeabi_llsl
    depilogue.o(.text) refers to llushr.o(.text) for __aeabi_llsr


==============================================================================

Removing Unused input sections from the image.

    Removing stm32f4xx_gpio.o(.rev16_text), (4 bytes).
    Removing stm32f4xx_gpio.o(.revsh_text), (4 bytes).
    Removing stm32f4xx_gpio.o(.rrx_text), (6 bytes).
    Removing stm32f4xx_rcc.o(.rev16_text), (4 bytes).
    Removing stm32f4xx_rcc.o(.revsh_text), (4 bytes).
    Removing stm32f4xx_rcc.o(.rrx_text), (6 bytes).
    Removing stm32f4xx_syscfg.o(.rev16_text), (4 bytes).
    Removing stm32f4xx_syscfg.o(.revsh_text), (4 bytes).
    Removing stm32f4xx_syscfg.o(.rrx_text), (6 bytes).
    Removing stm32f4xx_syscfg.o(.text), (148 bytes).
    Removing stm32f4xx_usart.o(.rev16_text), (4 bytes).
    Removing stm32f4xx_usart.o(.revsh_text), (4 bytes).
    Removing stm32f4xx_usart.o(.rrx_text), (6 bytes).
    Removing misc.o(.rev16_text), (4 bytes).
    Removing misc.o(.revsh_text), (4 bytes).
    Removing misc.o(.rrx_text), (6 bytes).
    Removing system_stm32f4xx.o(.rev16_text), (4 bytes).
    Removing system_stm32f4xx.o(.revsh_text), (4 bytes).
    Removing system_stm32f4xx.o(.rrx_text), (6 bytes).
    Removing stm32f4xx_tim.o(.rev16_text), (4 bytes).
    Removing stm32f4xx_tim.o(.revsh_text), (4 bytes).
    Removing stm32f4xx_tim.o(.rrx_text), (6 bytes).
    Removing stm32f4xx_it.o(.rev16_text), (4 bytes).
    Removing stm32f4xx_it.o(.revsh_text), (4 bytes).
    Removing stm32f4xx_it.o(.rrx_text), (6 bytes).
    Removing delay.o(.rev16_text), (4 bytes).
    Removing delay.o(.revsh_text), (4 bytes).
    Removing delay.o(.rrx_text), (6 bytes).
    Removing config.o(.rev16_text), (4 bytes).
    Removing config.o(.revsh_text), (4 bytes).
    Removing config.o(.rrx_text), (6 bytes).
    Removing main.o(.rev16_text), (4 bytes).
    Removing main.o(.revsh_text), (4 bytes).
    Removing main.o(.rrx_text), (6 bytes).
    Removing hal_uart.o(.rev16_text), (4 bytes).
    Removing hal_uart.o(.revsh_text), (4 bytes).
    Removing hal_uart.o(.rrx_text), (6 bytes).
    Removing hal_uart.o(.bss), (256 bytes).
    Removing hal_uart.o(.data), (4 bytes).
    Removing em380c_hal.o(.rev16_text), (4 bytes).
    Removing em380c_hal.o(.revsh_text), (4 bytes).
    Removing em380c_hal.o(.rrx_text), (6 bytes).
    Removing emsp.o(.rev16_text), (4 bytes).
    Removing emsp.o(.revsh_text), (4 bytes).
    Removing emsp.o(.rrx_text), (6 bytes).
    Removing emsp_api.o(.rev16_text), (4 bytes).
    Removing emsp_api.o(.revsh_text), (4 bytes).
    Removing emsp_api.o(.rrx_text), (6 bytes).
    Removing hal_rgb_led.o(.rev16_text), (4 bytes).
    Removing hal_rgb_led.o(.revsh_text), (4 bytes).
    Removing hal_rgb_led.o(.rrx_text), (6 bytes).
    Removing hal_infrared.o(.rev16_text), (4 bytes).
    Removing hal_infrared.o(.revsh_text), (4 bytes).
    Removing hal_infrared.o(.rrx_text), (6 bytes).
    Removing hal_infrared.o(.text), (76 bytes).
    Removing hal_infrared.o(.data), (1 bytes).
    Removing hal_key.o(.rev16_text), (4 bytes).
    Removing hal_key.o(.revsh_text), (4 bytes).
    Removing hal_key.o(.rrx_text), (6 bytes).
    Removing hal_key.o(.text), (724 bytes).
    Removing hal_key.o(.data), (7 bytes).
    Removing hal_led.o(.rev16_text), (4 bytes).
    Removing hal_led.o(.revsh_text), (4 bytes).
    Removing hal_led.o(.rrx_text), (6 bytes).
    Removing hal_led.o(.text), (104 bytes).
    Removing hal_motor.o(.rev16_text), (4 bytes).
    Removing hal_motor.o(.revsh_text), (4 bytes).
    Removing hal_motor.o(.rrx_text), (6 bytes).
    Removing hal_temp_hum.o(.rev16_text), (4 bytes).
    Removing hal_temp_hum.o(.revsh_text), (4 bytes).
    Removing hal_temp_hum.o(.rrx_text), (6 bytes).
    Removing hal_temp_hum.o(.text), (448 bytes).
    Removing dadd.o(.text), (334 bytes).
    Removing dmul.o(.text), (228 bytes).
    Removing ddiv.o(.text), (222 bytes).
    Removing dfixul.o(.text), (48 bytes).
    Removing cdrcmple.o(.text), (48 bytes).
    Removing depilogue.o(.text), (186 bytes).

78 unused section(s) (total 3128 bytes) removed from the image.

==============================================================================

Image Symbol Table

    Local Symbols

    Symbol Name                              Value     Ov Type        Size  Object(Section)

    ../clib/microlib/division.c              0x00000000   Number         0  uldiv.o ABSOLUTE
    ../clib/microlib/division.c              0x00000000   Number         0  uidiv.o ABSOLUTE
    ../clib/microlib/init/entry.s            0x00000000   Number         0  entry8a.o ABSOLUTE
    ../clib/microlib/init/entry.s            0x00000000   Number         0  entry7b.o ABSOLUTE
    ../clib/microlib/init/entry.s            0x00000000   Number         0  entry11b.o ABSOLUTE
    ../clib/microlib/init/entry.s            0x00000000   Number         0  entry11a.o ABSOLUTE
    ../clib/microlib/init/entry.s            0x00000000   Number         0  entry7a.o ABSOLUTE
    ../clib/microlib/init/entry.s            0x00000000   Number         0  entry9a.o ABSOLUTE
    ../clib/microlib/init/entry.s            0x00000000   Number         0  entry10b.o ABSOLUTE
    ../clib/microlib/init/entry.s            0x00000000   Number         0  entry8b.o ABSOLUTE
    ../clib/microlib/init/entry.s            0x00000000   Number         0  entry10a.o ABSOLUTE
    ../clib/microlib/init/entry.s            0x00000000   Number         0  entry9b.o ABSOLUTE
    ../clib/microlib/init/entry.s            0x00000000   Number         0  entry2.o ABSOLUTE
    ../clib/microlib/init/entry.s            0x00000000   Number         0  entry5.o ABSOLUTE
    ../clib/microlib/init/entry.s            0x00000000   Number         0  entry.o ABSOLUTE
    ../clib/microlib/longlong.c              0x00000000   Number         0  llsshr.o ABSOLUTE
    ../clib/microlib/longlong.c              0x00000000   Number         0  llushr.o ABSOLUTE
    ../clib/microlib/longlong.c              0x00000000   Number         0  llshl.o ABSOLUTE
    ../clib/microlib/malloc/malloc.c         0x00000000   Number         0  mallocra.o ABSOLUTE
    ../clib/microlib/malloc/malloc.c         0x00000000   Number         0  malloca.o ABSOLUTE
    ../clib/microlib/malloc/malloc.c         0x00000000   Number         0  mallocr.o ABSOLUTE
    ../clib/microlib/malloc/malloc.c         0x00000000   Number         0  malloc.o ABSOLUTE
    ../clib/microlib/malloc/mvars.c          0x00000000   Number         0  mvars.o ABSOLUTE
    ../clib/microlib/printf/printf.c         0x00000000   Number         0  printf5.o ABSOLUTE
    ../clib/microlib/printf/printf.c         0x00000000   Number         0  printfb.o ABSOLUTE
    ../clib/microlib/printf/printf.c         0x00000000   Number         0  printf0.o ABSOLUTE
    ../clib/microlib/printf/printf.c         0x00000000   Number         0  printf1.o ABSOLUTE
    ../clib/microlib/printf/printf.c         0x00000000   Number         0  printf2.o ABSOLUTE
    ../clib/microlib/printf/printf.c         0x00000000   Number         0  printf3.o ABSOLUTE
    ../clib/microlib/printf/printf.c         0x00000000   Number         0  printf4.o ABSOLUTE
    ../clib/microlib/printf/printf.c         0x00000000   Number         0  printfa.o ABSOLUTE
    ../clib/microlib/printf/printf.c         0x00000000   Number         0  printf8.o ABSOLUTE
    ../clib/microlib/printf/printf.c         0x00000000   Number         0  printf7.o ABSOLUTE
    ../clib/microlib/printf/printf.c         0x00000000   Number         0  printf6.o ABSOLUTE
    ../clib/microlib/stdio/streams.c         0x00000000   Number         0  stdout.o ABSOLUTE
    ../clib/microlib/string/memcpy.c         0x00000000   Number         0  memcpya.o ABSOLUTE
    ../clib/microlib/string/memcpy.c         0x00000000   Number         0  memcpyb.o ABSOLUTE
    ../clib/microlib/string/strcpy.c         0x00000000   Number         0  strcpy.o ABSOLUTE
    ../clib/microlib/string/strcspn.c        0x00000000   Number         0  strcspn.o ABSOLUTE
    ../clib/microlib/string/strlen.c         0x00000000   Number         0  strlen.o ABSOLUTE
    ../clib/microlib/stubs.s                 0x00000000   Number         0  iusefp.o ABSOLUTE
    ../fplib/microlib/fpadd.c                0x00000000   Number         0  dadd.o ABSOLUTE
    ../fplib/microlib/fpdiv.c                0x00000000   Number         0  ddiv.o ABSOLUTE
    ../fplib/microlib/fpepilogue.c           0x00000000   Number         0  depilogue.o ABSOLUTE
    ../fplib/microlib/fpfix.c                0x00000000   Number         0  dfixul.o ABSOLUTE
    ../fplib/microlib/fpmul.c                0x00000000   Number         0  dmul.o ABSOLUTE
    ..\..\..\Common\Config.c                 0x00000000   Number         0  config.o ABSOLUTE
    ..\..\..\Libraries\STM32F4xx_LIB\CMSIS\startup_stm32f401xx.s 0x00000000   Number         0  startup_stm32f401xx.o ABSOLUTE
    ..\..\..\Libraries\STM32F4xx_LIB\CMSIS\system_stm32f4xx.c 0x00000000   Number         0  system_stm32f4xx.o ABSOLUTE
    ..\..\..\Libraries\STM32F4xx_LIB\src\misc.c 0x00000000   Number         0  misc.o ABSOLUTE
    ..\..\..\Libraries\STM32F4xx_LIB\src\stm32f4xx_gpio.c 0x00000000   Number         0  stm32f4xx_gpio.o ABSOLUTE
    ..\..\..\Libraries\STM32F4xx_LIB\src\stm32f4xx_it.c 0x00000000   Number         0  stm32f4xx_it.o ABSOLUTE
    ..\..\..\Libraries\STM32F4xx_LIB\src\stm32f4xx_rcc.c 0x00000000   Number         0  stm32f4xx_rcc.o ABSOLUTE
    ..\..\..\Libraries\STM32F4xx_LIB\src\stm32f4xx_syscfg.c 0x00000000   Number         0  stm32f4xx_syscfg.o ABSOLUTE
    ..\..\..\Libraries\STM32F4xx_LIB\src\stm32f4xx_tim.c 0x00000000   Number         0  stm32f4xx_tim.o ABSOLUTE
    ..\..\..\Libraries\STM32F4xx_LIB\src\stm32f4xx_usart.c 0x00000000   Number         0  stm32f4xx_usart.o ABSOLUTE
    ..\..\..\Libraries\delay\delay.c         0x00000000   Number         0  delay.o ABSOLUTE
    ..\SRC\EMSP.c                            0x00000000   Number         0  emsp.o ABSOLUTE
    ..\SRC\EMSP_API.c                        0x00000000   Number         0  emsp_api.o ABSOLUTE
    ..\SRC\Hal_led.c                         0x00000000   Number         0  hal_led.o ABSOLUTE
    ..\SRC\em380c_hal.c                      0x00000000   Number         0  em380c_hal.o ABSOLUTE
    ..\SRC\hal_infrared.c                    0x00000000   Number         0  hal_infrared.o ABSOLUTE
    ..\SRC\hal_key.c                         0x00000000   Number         0  hal_key.o ABSOLUTE
    ..\SRC\hal_motor.c                       0x00000000   Number         0  hal_motor.o ABSOLUTE
    ..\SRC\hal_rgb_led.c                     0x00000000   Number         0  hal_rgb_led.o ABSOLUTE
    ..\SRC\hal_temp_hum.c                    0x00000000   Number         0  hal_temp_hum.o ABSOLUTE
    ..\SRC\hal_uart.c                        0x00000000   Number         0  hal_uart.o ABSOLUTE
    ..\SRC\main.c                            0x00000000   Number         0  main.o ABSOLUTE
    ..\\..\\..\\Common\\Config.c             0x00000000   Number         0  config.o ABSOLUTE
    ..\\..\\..\\Libraries\\STM32F4xx_LIB\\CMSIS\\system_stm32f4xx.c 0x00000000   Number         0  system_stm32f4xx.o ABSOLUTE
    ..\\..\\..\\Libraries\\STM32F4xx_LIB\\src\\misc.c 0x00000000   Number         0  misc.o ABSOLUTE
    ..\\..\\..\\Libraries\\STM32F4xx_LIB\\src\\stm32f4xx_gpio.c 0x00000000   Number         0  stm32f4xx_gpio.o ABSOLUTE
    ..\\..\\..\\Libraries\\STM32F4xx_LIB\\src\\stm32f4xx_it.c 0x00000000   Number         0  stm32f4xx_it.o ABSOLUTE
    ..\\..\\..\\Libraries\\STM32F4xx_LIB\\src\\stm32f4xx_rcc.c 0x00000000   Number         0  stm32f4xx_rcc.o ABSOLUTE
    ..\\..\\..\\Libraries\\STM32F4xx_LIB\\src\\stm32f4xx_syscfg.c 0x00000000   Number         0  stm32f4xx_syscfg.o ABSOLUTE
    ..\\..\\..\\Libraries\\STM32F4xx_LIB\\src\\stm32f4xx_tim.c 0x00000000   Number         0  stm32f4xx_tim.o ABSOLUTE
    ..\\..\\..\\Libraries\\STM32F4xx_LIB\\src\\stm32f4xx_usart.c 0x00000000   Number         0  stm32f4xx_usart.o ABSOLUTE
    ..\\..\\..\\Libraries\\delay\\delay.c    0x00000000   Number         0  delay.o ABSOLUTE
    ..\\SRC\\EMSP.c                          0x00000000   Number         0  emsp.o ABSOLUTE
    ..\\SRC\\EMSP_API.c                      0x00000000   Number         0  emsp_api.o ABSOLUTE
    ..\\SRC\\Hal_led.c                       0x00000000   Number         0  hal_led.o ABSOLUTE
    ..\\SRC\\em380c_hal.c                    0x00000000   Number         0  em380c_hal.o ABSOLUTE
    ..\\SRC\\hal_infrared.c                  0x00000000   Number         0  hal_infrared.o ABSOLUTE
    ..\\SRC\\hal_key.c                       0x00000000   Number         0  hal_key.o ABSOLUTE
    ..\\SRC\\hal_motor.c                     0x00000000   Number         0  hal_motor.o ABSOLUTE
    ..\\SRC\\hal_rgb_led.c                   0x00000000   Number         0  hal_rgb_led.o ABSOLUTE
    ..\\SRC\\hal_temp_hum.c                  0x00000000   Number         0  hal_temp_hum.o ABSOLUTE
    ..\\SRC\\hal_uart.c                      0x00000000   Number         0  hal_uart.o ABSOLUTE
    ..\\SRC\\main.c                          0x00000000   Number         0  main.o ABSOLUTE
    cdrcmple.s                               0x00000000   Number         0  cdrcmple.o ABSOLUTE
    dc.s                                     0x00000000   Number         0  dc.o ABSOLUTE
    handlers.s                               0x00000000   Number         0  handlers.o ABSOLUTE
    init.s                                   0x00000000   Number         0  init.o ABSOLUTE
    RESET                                    0x08000000   Section      392  startup_stm32f401xx.o(RESET)
    .ARM.Collect$$$$00000000                 0x08000188   Section        0  entry.o(.ARM.Collect$$$$00000000)
    .ARM.Collect$$$$00000001                 0x08000188   Section        4  entry2.o(.ARM.Collect$$$$00000001)
    .ARM.Collect$$$$00000004                 0x0800018c   Section        4  entry5.o(.ARM.Collect$$$$00000004)
    .ARM.Collect$$$$00000008                 0x08000190   Section        0  entry7b.o(.ARM.Collect$$$$00000008)
    .ARM.Collect$$$$0000000A                 0x08000190   Section        0  entry8b.o(.ARM.Collect$$$$0000000A)
    .ARM.Collect$$$$0000000B                 0x08000190   Section        8  entry9a.o(.ARM.Collect$$$$0000000B)
    .ARM.Collect$$$$0000000D                 0x08000198   Section        0  entry10a.o(.ARM.Collect$$$$0000000D)
    .ARM.Collect$$$$0000000F                 0x08000198   Section        0  entry11a.o(.ARM.Collect$$$$0000000F)
    .ARM.Collect$$$$00002712                 0x08000198   Section        4  entry2.o(.ARM.Collect$$$$00002712)
    __lit__00000000                          0x08000198   Data           4  entry2.o(.ARM.Collect$$$$00002712)
    .text                                    0x0800019c   Section        0  stm32f4xx_gpio.o(.text)
    .text                                    0x08000430   Section        0  stm32f4xx_rcc.o(.text)
    .text                                    0x08000a64   Section        0  stm32f4xx_usart.o(.text)
    .text                                    0x08000eb8   Section        0  misc.o(.text)
    .text                                    0x08000f98   Section        0  system_stm32f4xx.o(.text)
    SetSysClock                              0x08000f99   Thumb Code   216  system_stm32f4xx.o(.text)
    .text                                    0x080011a4   Section       36  startup_stm32f401xx.o(.text)
    $v0                                      0x080011a4   Number         0  startup_stm32f401xx.o(.text)
    .text                                    0x080011c8   Section        0  stm32f4xx_tim.o(.text)
    TI4_Config                               0x08001967   Thumb Code    80  stm32f4xx_tim.o(.text)
    TI3_Config                               0x080019c9   Thumb Code    72  stm32f4xx_tim.o(.text)
    TI2_Config                               0x08001a2b   Thumb Code    90  stm32f4xx_tim.o(.text)
    TI1_Config                               0x08001a97   Thumb Code    58  stm32f4xx_tim.o(.text)
    .text                                    0x08001e6c   Section        0  stm32f4xx_it.o(.text)
    .text                                    0x08001ec0   Section        0  delay.o(.text)
    .text                                    0x08001f8c   Section        0  config.o(.text)
    driver_init                              0x08001f8d   Thumb Code     2  config.o(.text)
    port_init                                0x08001f8f   Thumb Code   102  config.o(.text)
    usart2_Init                              0x08001ff5   Thumb Code     2  config.o(.text)
    usart1_Init                              0x08001ff7   Thumb Code    56  config.o(.text)
    system_tick_init                         0x0800202f   Thumb Code    16  config.o(.text)
    system_clock_set                         0x0800203f   Thumb Code   290  config.o(.text)
    device_init                              0x08002161   Thumb Code    38  config.o(.text)
    .text                                    0x080021c0   Section        0  main.o(.text)
    .text                                    0x080024a8   Section        0  hal_uart.o(.text)
    .text                                    0x08002600   Section        0  em380c_hal.o(.text)
    .text                                    0x080026e0   Section        0  emsp.o(.text)
    .text                                    0x08002980   Section        0  emsp_api.o(.text)
    .text                                    0x08002d48   Section        0  hal_rgb_led.o(.text)
    .text                                    0x08002ec4   Section        0  hal_motor.o(.text)
    .text                                    0x08002fa4   Section        0  memcpya.o(.text)
    .text                                    0x08002fc8   Section        0  strlen.o(.text)
    .text                                    0x08002fd6   Section        0  strcpy.o(.text)
    .text                                    0x08002fe8   Section        0  strcspn.o(.text)
    .text                                    0x0800300c   Section       36  init.o(.text)
    i.__scatterload_copy                     0x08003030   Section       14  handlers.o(i.__scatterload_copy)
    i.__scatterload_null                     0x0800303e   Section        2  handlers.o(i.__scatterload_null)
    i.__scatterload_zeroinit                 0x08003040   Section       14  handlers.o(i.__scatterload_zeroinit)
    i.malloc                                 0x08003050   Section        0  malloc.o(i.malloc)
    .constdata                               0x080030bc   Section       55  main.o(.constdata)
    .data                                    0x20000000   Section       16  stm32f4xx_rcc.o(.data)
    APBAHBPrescTable                         0x20000000   Data          16  stm32f4xx_rcc.o(.data)
    .data                                    0x20000010   Section       20  system_stm32f4xx.o(.data)
    .data                                    0x20000024   Section        4  delay.o(.data)
    s_chFacMicro                             0x20000024   Data           1  delay.o(.data)
    s_hwFacMill                              0x20000026   Data           2  delay.o(.data)
    .data                                    0x20000028   Section        8  main.o(.data)
    .data                                    0x20000030   Section       78  em380c_hal.o(.data)
    .data                                    0x20000080   Section        6  emsp.o(.data)
    .data                                    0x20000088   Section        4  mvars.o(.data)
    .data                                    0x2000008c   Section        4  mvars.o(.data)
    .bss                                     0x20000090   Section      457  main.o(.bss)
    .bss                                     0x2000025c   Section     1040  em380c_hal.o(.bss)
    .bss                                     0x2000066c   Section      712  emsp.o(.bss)
    HEAP                                     0x20000938   Section      512  startup_stm32f401xx.o(HEAP)
    STACK                                    0x20000b38   Section     1024  startup_stm32f401xx.o(STACK)

    Global Symbols

    Symbol Name                              Value     Ov Type        Size  Object(Section)

    BuildAttributes$$THM_ISAv4$E$P$D$K$B$S$7EM$VFPi3$EXTD16$VFPS$VFMA$PE$A:L22UL41UL21$X:L11$S22US41US21$IEEE1$IW$USESV6$~STKCKD$USESV7$~SHL$OSPACE$ROPI$EBA8$MICROLIB$REQ8$PRES8$EABIv2 0x00000000   Number         0  anon$$obj.o ABSOLUTE
    __ARM_use_no_argv                        0x00000000   Number         0  main.o ABSOLUTE
    __cpp_initialize__aeabi_                  - Undefined Weak Reference
    __cxa_finalize                            - Undefined Weak Reference
    __decompress                              - Undefined Weak Reference
    _clock_init                               - Undefined Weak Reference
    _microlib_exit                            - Undefined Weak Reference
    __Vectors_Size                           0x00000188   Number         0  startup_stm32f401xx.o ABSOLUTE
    __Vectors                                0x08000000   Data           4  startup_stm32f401xx.o(RESET)
    __Vectors_End                            0x08000188   Data           0  startup_stm32f401xx.o(RESET)
    __main                                   0x08000189   Thumb Code     0  entry.o(.ARM.Collect$$$$00000000)
    _main_stk                                0x08000189   Thumb Code     0  entry2.o(.ARM.Collect$$$$00000001)
    _main_scatterload                        0x0800018d   Thumb Code     0  entry5.o(.ARM.Collect$$$$00000004)
    __main_after_scatterload                 0x08000191   Thumb Code     0  entry5.o(.ARM.Collect$$$$00000004)
    _main_clock                              0x08000191   Thumb Code     0  entry7b.o(.ARM.Collect$$$$00000008)
    _main_cpp_init                           0x08000191   Thumb Code     0  entry8b.o(.ARM.Collect$$$$0000000A)
    _main_init                               0x08000191   Thumb Code     0  entry9a.o(.ARM.Collect$$$$0000000B)
    __rt_final_cpp                           0x08000199   Thumb Code     0  entry10a.o(.ARM.Collect$$$$0000000D)
    __rt_final_exit                          0x08000199   Thumb Code     0  entry11a.o(.ARM.Collect$$$$0000000F)
    GPIO_DeInit                              0x0800019d   Thumb Code   268  stm32f4xx_gpio.o(.text)
    GPIO_Init                                0x080002a9   Thumb Code   144  stm32f4xx_gpio.o(.text)
    GPIO_StructInit                          0x08000339   Thumb Code    18  stm32f4xx_gpio.o(.text)
    GPIO_PinLockConfig                       0x0800034b   Thumb Code    34  stm32f4xx_gpio.o(.text)
    GPIO_ReadInputDataBit                    0x0800036d   Thumb Code    18  stm32f4xx_gpio.o(.text)
    GPIO_ReadInputData                       0x0800037f   Thumb Code     8  stm32f4xx_gpio.o(.text)
    GPIO_ReadOutputDataBit                   0x08000387   Thumb Code    18  stm32f4xx_gpio.o(.text)
    GPIO_ReadOutputData                      0x08000399   Thumb Code     8  stm32f4xx_gpio.o(.text)
    GPIO_SetBits                             0x080003a1   Thumb Code     4  stm32f4xx_gpio.o(.text)
    GPIO_ResetBits                           0x080003a5   Thumb Code     4  stm32f4xx_gpio.o(.text)
    GPIO_WriteBit                            0x080003a9   Thumb Code    10  stm32f4xx_gpio.o(.text)
    GPIO_Write                               0x080003b3   Thumb Code     4  stm32f4xx_gpio.o(.text)
    GPIO_ToggleBits                          0x080003b7   Thumb Code     8  stm32f4xx_gpio.o(.text)
    GPIO_PinAFConfig                         0x080003bf   Thumb Code    70  stm32f4xx_gpio.o(.text)
    RCC_DeInit                               0x08000431   Thumb Code    82  stm32f4xx_rcc.o(.text)
    RCC_HSEConfig                            0x08000483   Thumb Code    14  stm32f4xx_rcc.o(.text)
    RCC_GetFlagStatus                        0x08000491   Thumb Code    60  stm32f4xx_rcc.o(.text)
    RCC_WaitForHSEStartUp                    0x080004cd   Thumb Code    56  stm32f4xx_rcc.o(.text)
    RCC_AdjustHSICalibrationValue            0x08000505   Thumb Code    20  stm32f4xx_rcc.o(.text)
    RCC_HSICmd                               0x08000519   Thumb Code     6  stm32f4xx_rcc.o(.text)
    RCC_LSEConfig                            0x0800051f   Thumb Code    46  stm32f4xx_rcc.o(.text)
    RCC_LSICmd                               0x0800054d   Thumb Code     6  stm32f4xx_rcc.o(.text)
    RCC_PLLConfig                            0x08000553   Thumb Code    32  stm32f4xx_rcc.o(.text)
    RCC_PLLCmd                               0x08000573   Thumb Code     6  stm32f4xx_rcc.o(.text)
    RCC_PLLI2SConfig                         0x08000579   Thumb Code    14  stm32f4xx_rcc.o(.text)
    RCC_PLLI2SCmd                            0x08000587   Thumb Code     6  stm32f4xx_rcc.o(.text)
    RCC_PLLSAIConfig                         0x0800058d   Thumb Code    20  stm32f4xx_rcc.o(.text)
    RCC_PLLSAICmd                            0x080005a1   Thumb Code     6  stm32f4xx_rcc.o(.text)
    RCC_ClockSecuritySystemCmd               0x080005a7   Thumb Code     6  stm32f4xx_rcc.o(.text)
    RCC_MCO1Config                           0x080005ad   Thumb Code    28  stm32f4xx_rcc.o(.text)
    RCC_MCO2Config                           0x080005c9   Thumb Code    28  stm32f4xx_rcc.o(.text)
    RCC_SYSCLKConfig                         0x080005e5   Thumb Code    20  stm32f4xx_rcc.o(.text)
    RCC_GetSYSCLKSource                      0x080005f9   Thumb Code    12  stm32f4xx_rcc.o(.text)
    RCC_HCLKConfig                           0x08000605   Thumb Code    20  stm32f4xx_rcc.o(.text)
    RCC_PCLK1Config                          0x08000619   Thumb Code    20  stm32f4xx_rcc.o(.text)
    RCC_PCLK2Config                          0x0800062d   Thumb Code    22  stm32f4xx_rcc.o(.text)
    RCC_GetClocksFreq                        0x08000643   Thumb Code   222  stm32f4xx_rcc.o(.text)
    RCC_RTCCLKConfig                         0x08000721   Thumb Code    54  stm32f4xx_rcc.o(.text)
    RCC_RTCCLKCmd                            0x08000757   Thumb Code     8  stm32f4xx_rcc.o(.text)
    RCC_BackupResetCmd                       0x0800075f   Thumb Code     8  stm32f4xx_rcc.o(.text)
    RCC_I2SCLKConfig                         0x08000767   Thumb Code     6  stm32f4xx_rcc.o(.text)
    RCC_SAIPLLI2SClkDivConfig                0x0800076d   Thumb Code    26  stm32f4xx_rcc.o(.text)
    RCC_SAIPLLSAIClkDivConfig                0x08000787   Thumb Code    28  stm32f4xx_rcc.o(.text)
    RCC_SAIBlockACLKConfig                   0x080007a3   Thumb Code    20  stm32f4xx_rcc.o(.text)
    RCC_SAIBlockBCLKConfig                   0x080007b7   Thumb Code    20  stm32f4xx_rcc.o(.text)
    RCC_LTDCCLKDivConfig                     0x080007cb   Thumb Code    20  stm32f4xx_rcc.o(.text)
    RCC_TIMCLKPresConfig                     0x080007df   Thumb Code     6  stm32f4xx_rcc.o(.text)
    RCC_AHB1PeriphClockCmd                   0x080007e5   Thumb Code    34  stm32f4xx_rcc.o(.text)
    RCC_AHB2PeriphClockCmd                   0x08000807   Thumb Code    78  stm32f4xx_rcc.o(.text)
    RCC_AHB3PeriphClockCmd                   0x08000855   Thumb Code    34  stm32f4xx_rcc.o(.text)
    RCC_APB1PeriphClockCmd                   0x08000877   Thumb Code    34  stm32f4xx_rcc.o(.text)
    RCC_APB2PeriphClockCmd                   0x08000899   Thumb Code    34  stm32f4xx_rcc.o(.text)
    RCC_AHB1PeriphResetCmd                   0x080008bb   Thumb Code    34  stm32f4xx_rcc.o(.text)
    RCC_AHB2PeriphResetCmd                   0x080008dd   Thumb Code    34  stm32f4xx_rcc.o(.text)
    RCC_AHB3PeriphResetCmd                   0x080008ff   Thumb Code    34  stm32f4xx_rcc.o(.text)
    RCC_APB1PeriphResetCmd                   0x08000921   Thumb Code    34  stm32f4xx_rcc.o(.text)
    RCC_APB2PeriphResetCmd                   0x08000943   Thumb Code    34  stm32f4xx_rcc.o(.text)
    RCC_AHB1PeriphClockLPModeCmd             0x08000965   Thumb Code    34  stm32f4xx_rcc.o(.text)
    RCC_AHB2PeriphClockLPModeCmd             0x08000987   Thumb Code    34  stm32f4xx_rcc.o(.text)
    RCC_AHB3PeriphClockLPModeCmd             0x080009a9   Thumb Code    34  stm32f4xx_rcc.o(.text)
    RCC_APB1PeriphClockLPModeCmd             0x080009cb   Thumb Code    34  stm32f4xx_rcc.o(.text)
    RCC_APB2PeriphClockLPModeCmd             0x080009ed   Thumb Code    34  stm32f4xx_rcc.o(.text)
    RCC_ITConfig                             0x08000a0f   Thumb Code    34  stm32f4xx_rcc.o(.text)
    RCC_ClearFlag                            0x08000a31   Thumb Code    18  stm32f4xx_rcc.o(.text)
    RCC_GetITStatus                          0x08000a43   Thumb Code    22  stm32f4xx_rcc.o(.text)
    RCC_ClearITPendingBit                    0x08000a59   Thumb Code     8  stm32f4xx_rcc.o(.text)
    USART_DeInit                             0x08000a65   Thumb Code   206  stm32f4xx_usart.o(.text)
    USART_Init                               0x08000b33   Thumb Code   204  stm32f4xx_usart.o(.text)
    USART_StructInit                         0x08000bff   Thumb Code    24  stm32f4xx_usart.o(.text)
    USART_ClockInit                          0x08000c17   Thumb Code    32  stm32f4xx_usart.o(.text)
    USART_ClockStructInit                    0x08000c37   Thumb Code    12  stm32f4xx_usart.o(.text)
    USART_Cmd                                0x08000c43   Thumb Code    24  stm32f4xx_usart.o(.text)
    USART_SetPrescaler                       0x08000c5b   Thumb Code    16  stm32f4xx_usart.o(.text)
    USART_OverSampling8Cmd                   0x08000c6b   Thumb Code    22  stm32f4xx_usart.o(.text)
    USART_OneBitMethodCmd                    0x08000c81   Thumb Code    24  stm32f4xx_usart.o(.text)
    USART_SendData                           0x08000c99   Thumb Code     8  stm32f4xx_usart.o(.text)
    USART_ReceiveData                        0x08000ca1   Thumb Code    10  stm32f4xx_usart.o(.text)
    USART_SetAddress                         0x08000cab   Thumb Code    18  stm32f4xx_usart.o(.text)
    USART_ReceiverWakeUpCmd                  0x08000cbd   Thumb Code    24  stm32f4xx_usart.o(.text)
    USART_WakeUpConfig                       0x08000cd5   Thumb Code    18  stm32f4xx_usart.o(.text)
    USART_LINBreakDetectLengthConfig         0x08000ce7   Thumb Code    18  stm32f4xx_usart.o(.text)
    USART_LINCmd                             0x08000cf9   Thumb Code    24  stm32f4xx_usart.o(.text)
    USART_SendBreak                          0x08000d11   Thumb Code    10  stm32f4xx_usart.o(.text)
    USART_HalfDuplexCmd                      0x08000d1b   Thumb Code    24  stm32f4xx_usart.o(.text)
    USART_SetGuardTime                       0x08000d33   Thumb Code    16  stm32f4xx_usart.o(.text)
    USART_SmartCardCmd                       0x08000d43   Thumb Code    24  stm32f4xx_usart.o(.text)
    USART_SmartCardNACKCmd                   0x08000d5b   Thumb Code    24  stm32f4xx_usart.o(.text)
    USART_IrDAConfig                         0x08000d73   Thumb Code    18  stm32f4xx_usart.o(.text)
    USART_IrDACmd                            0x08000d85   Thumb Code    24  stm32f4xx_usart.o(.text)
    USART_DMACmd                             0x08000d9d   Thumb Code    18  stm32f4xx_usart.o(.text)
    USART_ITConfig                           0x08000daf   Thumb Code    74  stm32f4xx_usart.o(.text)
    USART_GetFlagStatus                      0x08000df9   Thumb Code    26  stm32f4xx_usart.o(.text)
    USART_ClearFlag                          0x08000e13   Thumb Code    18  stm32f4xx_usart.o(.text)
    USART_GetITStatus                        0x08000e25   Thumb Code   118  stm32f4xx_usart.o(.text)
    USART_ClearITPendingBit                  0x08000e9b   Thumb Code    30  stm32f4xx_usart.o(.text)
    NVIC_PriorityGroupConfig                 0x08000eb9   Thumb Code    10  misc.o(.text)
    NVIC_Init                                0x08000ec3   Thumb Code   106  misc.o(.text)
    NVIC_SetVectorTable                      0x08000f2d   Thumb Code    14  misc.o(.text)
    NVIC_SystemLPConfig                      0x08000f3b   Thumb Code    34  misc.o(.text)
    SysTick_CLKSourceConfig                  0x08000f5d   Thumb Code    40  misc.o(.text)
    SystemInit                               0x08001071   Thumb Code    88  system_stm32f4xx.o(.text)
    SystemCoreClockUpdate                    0x080010c9   Thumb Code   174  system_stm32f4xx.o(.text)
    Reset_Handler                            0x080011a5   Thumb Code     8  startup_stm32f401xx.o(.text)
    ADC_IRQHandler                           0x080011bf   Thumb Code     0  startup_stm32f401xx.o(.text)
    DMA1_Stream0_IRQHandler                  0x080011bf   Thumb Code     0  startup_stm32f401xx.o(.text)
    DMA1_Stream1_IRQHandler                  0x080011bf   Thumb Code     0  startup_stm32f401xx.o(.text)
    DMA1_Stream2_IRQHandler                  0x080011bf   Thumb Code     0  startup_stm32f401xx.o(.text)
    DMA1_Stream3_IRQHandler                  0x080011bf   Thumb Code     0  startup_stm32f401xx.o(.text)
    DMA1_Stream4_IRQHandler                  0x080011bf   Thumb Code     0  startup_stm32f401xx.o(.text)
    DMA1_Stream5_IRQHandler                  0x080011bf   Thumb Code     0  startup_stm32f401xx.o(.text)
    DMA1_Stream6_IRQHandler                  0x080011bf   Thumb Code     0  startup_stm32f401xx.o(.text)
    DMA1_Stream7_IRQHandler                  0x080011bf   Thumb Code     0  startup_stm32f401xx.o(.text)
    DMA2_Stream0_IRQHandler                  0x080011bf   Thumb Code     0  startup_stm32f401xx.o(.text)
    DMA2_Stream1_IRQHandler                  0x080011bf   Thumb Code     0  startup_stm32f401xx.o(.text)
    DMA2_Stream2_IRQHandler                  0x080011bf   Thumb Code     0  startup_stm32f401xx.o(.text)
    DMA2_Stream3_IRQHandler                  0x080011bf   Thumb Code     0  startup_stm32f401xx.o(.text)
    DMA2_Stream4_IRQHandler                  0x080011bf   Thumb Code     0  startup_stm32f401xx.o(.text)
    DMA2_Stream5_IRQHandler                  0x080011bf   Thumb Code     0  startup_stm32f401xx.o(.text)
    DMA2_Stream6_IRQHandler                  0x080011bf   Thumb Code     0  startup_stm32f401xx.o(.text)
    DMA2_Stream7_IRQHandler                  0x080011bf   Thumb Code     0  startup_stm32f401xx.o(.text)
    EXTI0_IRQHandler                         0x080011bf   Thumb Code     0  startup_stm32f401xx.o(.text)
    EXTI15_10_IRQHandler                     0x080011bf   Thumb Code     0  startup_stm32f401xx.o(.text)
    EXTI1_IRQHandler                         0x080011bf   Thumb Code     0  startup_stm32f401xx.o(.text)
    EXTI2_IRQHandler                         0x080011bf   Thumb Code     0  startup_stm32f401xx.o(.text)
    EXTI3_IRQHandler                         0x080011bf   Thumb Code     0  startup_stm32f401xx.o(.text)
    EXTI4_IRQHandler                         0x080011bf   Thumb Code     0  startup_stm32f401xx.o(.text)
    EXTI9_5_IRQHandler                       0x080011bf   Thumb Code     0  startup_stm32f401xx.o(.text)
    FLASH_IRQHandler                         0x080011bf   Thumb Code     0  startup_stm32f401xx.o(.text)
    FPU_IRQHandler                           0x080011bf   Thumb Code     0  startup_stm32f401xx.o(.text)
    I2C1_ER_IRQHandler                       0x080011bf   Thumb Code     0  startup_stm32f401xx.o(.text)
    I2C1_EV_IRQHandler                       0x080011bf   Thumb Code     0  startup_stm32f401xx.o(.text)
    I2C2_ER_IRQHandler                       0x080011bf   Thumb Code     0  startup_stm32f401xx.o(.text)
    I2C2_EV_IRQHandler                       0x080011bf   Thumb Code     0  startup_stm32f401xx.o(.text)
    I2C3_ER_IRQHandler                       0x080011bf   Thumb Code     0  startup_stm32f401xx.o(.text)
    I2C3_EV_IRQHandler                       0x080011bf   Thumb Code     0  startup_stm32f401xx.o(.text)
    OTG_FS_IRQHandler                        0x080011bf   Thumb Code     0  startup_stm32f401xx.o(.text)
    OTG_FS_WKUP_IRQHandler                   0x080011bf   Thumb Code     0  startup_stm32f401xx.o(.text)
    PVD_IRQHandler                           0x080011bf   Thumb Code     0  startup_stm32f401xx.o(.text)
    RCC_IRQHandler                           0x080011bf   Thumb Code     0  startup_stm32f401xx.o(.text)
    RTC_Alarm_IRQHandler                     0x080011bf   Thumb Code     0  startup_stm32f401xx.o(.text)
    RTC_WKUP_IRQHandler                      0x080011bf   Thumb Code     0  startup_stm32f401xx.o(.text)
    SDIO_IRQHandler                          0x080011bf   Thumb Code     0  startup_stm32f401xx.o(.text)
    SPI1_IRQHandler                          0x080011bf   Thumb Code     0  startup_stm32f401xx.o(.text)
    SPI2_IRQHandler                          0x080011bf   Thumb Code     0  startup_stm32f401xx.o(.text)
    SPI3_IRQHandler                          0x080011bf   Thumb Code     0  startup_stm32f401xx.o(.text)
    TAMP_STAMP_IRQHandler                    0x080011bf   Thumb Code     0  startup_stm32f401xx.o(.text)
    TIM1_BRK_TIM9_IRQHandler                 0x080011bf   Thumb Code     0  startup_stm32f401xx.o(.text)
    TIM1_CC_IRQHandler                       0x080011bf   Thumb Code     0  startup_stm32f401xx.o(.text)
    TIM1_TRG_COM_TIM11_IRQHandler            0x080011bf   Thumb Code     0  startup_stm32f401xx.o(.text)
    TIM1_UP_TIM10_IRQHandler                 0x080011bf   Thumb Code     0  startup_stm32f401xx.o(.text)
    TIM2_IRQHandler                          0x080011bf   Thumb Code     0  startup_stm32f401xx.o(.text)
    TIM4_IRQHandler                          0x080011bf   Thumb Code     0  startup_stm32f401xx.o(.text)
    TIM5_IRQHandler                          0x080011bf   Thumb Code     0  startup_stm32f401xx.o(.text)
    USART6_IRQHandler                        0x080011bf   Thumb Code     0  startup_stm32f401xx.o(.text)
    WWDG_IRQHandler                          0x080011bf   Thumb Code     0  startup_stm32f401xx.o(.text)
    TIM_DeInit                               0x080011c9   Thumb Code   346  stm32f4xx_tim.o(.text)
    TIM_TimeBaseInit                         0x08001323   Thumb Code   104  stm32f4xx_tim.o(.text)
    TIM_TimeBaseStructInit                   0x0800138b   Thumb Code    18  stm32f4xx_tim.o(.text)
    TIM_PrescalerConfig                      0x0800139d   Thumb Code     6  stm32f4xx_tim.o(.text)
    TIM_CounterModeConfig                    0x080013a3   Thumb Code    18  stm32f4xx_tim.o(.text)
    TIM_SetCounter                           0x080013b5   Thumb Code     4  stm32f4xx_tim.o(.text)
    TIM_SetAutoreload                        0x080013b9   Thumb Code     4  stm32f4xx_tim.o(.text)
    TIM_GetCounter                           0x080013bd   Thumb Code     6  stm32f4xx_tim.o(.text)
    TIM_GetPrescaler                         0x080013c3   Thumb Code     6  stm32f4xx_tim.o(.text)
    TIM_UpdateDisableConfig                  0x080013c9   Thumb Code    24  stm32f4xx_tim.o(.text)
    TIM_UpdateRequestConfig                  0x080013e1   Thumb Code    24  stm32f4xx_tim.o(.text)
    TIM_ARRPreloadConfig                     0x080013f9   Thumb Code    24  stm32f4xx_tim.o(.text)
    TIM_SelectOnePulseMode                   0x08001411   Thumb Code    18  stm32f4xx_tim.o(.text)
    TIM_SetClockDivision                     0x08001423   Thumb Code    18  stm32f4xx_tim.o(.text)
    TIM_Cmd                                  0x08001435   Thumb Code    24  stm32f4xx_tim.o(.text)
    TIM_OC1Init                              0x0800144d   Thumb Code   114  stm32f4xx_tim.o(.text)
    TIM_OC2Init                              0x080014bf   Thumb Code   154  stm32f4xx_tim.o(.text)
    TIM_OC3Init                              0x08001559   Thumb Code   204  stm32f4xx_tim.o(.text)
    TIM_OC4Init                              0x08001625   Thumb Code   112  stm32f4xx_tim.o(.text)
    TIM_OCStructInit                         0x08001695   Thumb Code    20  stm32f4xx_tim.o(.text)
    TIM_SelectOCxM                           0x080016a9   Thumb Code    86  stm32f4xx_tim.o(.text)
    TIM_SetCompare1                          0x080016ff   Thumb Code     4  stm32f4xx_tim.o(.text)
    TIM_SetCompare2                          0x08001703   Thumb Code     4  stm32f4xx_tim.o(.text)
    TIM_SetCompare3                          0x08001707   Thumb Code     4  stm32f4xx_tim.o(.text)
    TIM_SetCompare4                          0x0800170b   Thumb Code     4  stm32f4xx_tim.o(.text)
    TIM_ForcedOC1Config                      0x0800170f   Thumb Code    18  stm32f4xx_tim.o(.text)
    TIM_ForcedOC2Config                      0x08001721   Thumb Code    26  stm32f4xx_tim.o(.text)
    TIM_ForcedOC3Config                      0x0800173b   Thumb Code    18  stm32f4xx_tim.o(.text)
    TIM_ForcedOC4Config                      0x0800174d   Thumb Code    26  stm32f4xx_tim.o(.text)
    TIM_OC1PreloadConfig                     0x08001767   Thumb Code    18  stm32f4xx_tim.o(.text)
    TIM_OC2PreloadConfig                     0x08001779   Thumb Code    26  stm32f4xx_tim.o(.text)
    TIM_OC3PreloadConfig                     0x08001793   Thumb Code    18  stm32f4xx_tim.o(.text)
    TIM_OC4PreloadConfig                     0x080017a5   Thumb Code    26  stm32f4xx_tim.o(.text)
    TIM_OC1FastConfig                        0x080017bf   Thumb Code    18  stm32f4xx_tim.o(.text)
    TIM_OC2FastConfig                        0x080017d1   Thumb Code    26  stm32f4xx_tim.o(.text)
    TIM_OC3FastConfig                        0x080017eb   Thumb Code    18  stm32f4xx_tim.o(.text)
    TIM_OC4FastConfig                        0x080017fd   Thumb Code    26  stm32f4xx_tim.o(.text)
    TIM_ClearOC1Ref                          0x08001817   Thumb Code    18  stm32f4xx_tim.o(.text)
    TIM_ClearOC2Ref                          0x08001829   Thumb Code    24  stm32f4xx_tim.o(.text)
    TIM_ClearOC3Ref                          0x08001841   Thumb Code    18  stm32f4xx_tim.o(.text)
    TIM_ClearOC4Ref                          0x08001853   Thumb Code    24  stm32f4xx_tim.o(.text)
    TIM_OC1PolarityConfig                    0x0800186b   Thumb Code    18  stm32f4xx_tim.o(.text)
    TIM_OC1NPolarityConfig                   0x0800187d   Thumb Code    18  stm32f4xx_tim.o(.text)
    TIM_OC2PolarityConfig                    0x0800188f   Thumb Code    26  stm32f4xx_tim.o(.text)
    TIM_OC2NPolarityConfig                   0x080018a9   Thumb Code    26  stm32f4xx_tim.o(.text)
    TIM_OC3PolarityConfig                    0x080018c3   Thumb Code    26  stm32f4xx_tim.o(.text)
    TIM_OC3NPolarityConfig                   0x080018dd   Thumb Code    26  stm32f4xx_tim.o(.text)
    TIM_OC4PolarityConfig                    0x080018f7   Thumb Code    26  stm32f4xx_tim.o(.text)
    TIM_CCxCmd                               0x08001911   Thumb Code    30  stm32f4xx_tim.o(.text)
    TIM_CCxNCmd                              0x0800192f   Thumb Code    30  stm32f4xx_tim.o(.text)
    TIM_SetIC4Prescaler                      0x0800194d   Thumb Code    26  stm32f4xx_tim.o(.text)
    TIM_SetIC3Prescaler                      0x080019b7   Thumb Code    18  stm32f4xx_tim.o(.text)
    TIM_SetIC2Prescaler                      0x08001a11   Thumb Code    26  stm32f4xx_tim.o(.text)
    TIM_SetIC1Prescaler                      0x08001a85   Thumb Code    18  stm32f4xx_tim.o(.text)
    TIM_ICInit                               0x08001ad1   Thumb Code   110  stm32f4xx_tim.o(.text)
    TIM_ICStructInit                         0x08001b3f   Thumb Code    18  stm32f4xx_tim.o(.text)
    TIM_PWMIConfig                           0x08001b51   Thumb Code   124  stm32f4xx_tim.o(.text)
    TIM_GetCapture1                          0x08001bcd   Thumb Code     6  stm32f4xx_tim.o(.text)
    TIM_GetCapture2                          0x08001bd3   Thumb Code     6  stm32f4xx_tim.o(.text)
    TIM_GetCapture3                          0x08001bd9   Thumb Code     6  stm32f4xx_tim.o(.text)
    TIM_GetCapture4                          0x08001bdf   Thumb Code     6  stm32f4xx_tim.o(.text)
    TIM_BDTRConfig                           0x08001be5   Thumb Code    32  stm32f4xx_tim.o(.text)
    TIM_BDTRStructInit                       0x08001c05   Thumb Code    18  stm32f4xx_tim.o(.text)
    TIM_CtrlPWMOutputs                       0x08001c17   Thumb Code    30  stm32f4xx_tim.o(.text)
    TIM_SelectCOM                            0x08001c35   Thumb Code    24  stm32f4xx_tim.o(.text)
    TIM_CCPreloadControl                     0x08001c4d   Thumb Code    24  stm32f4xx_tim.o(.text)
    TIM_ITConfig                             0x08001c65   Thumb Code    18  stm32f4xx_tim.o(.text)
    TIM_GenerateEvent                        0x08001c77   Thumb Code     4  stm32f4xx_tim.o(.text)
    TIM_GetFlagStatus                        0x08001c7b   Thumb Code    18  stm32f4xx_tim.o(.text)
    TIM_ClearFlag                            0x08001c8d   Thumb Code     6  stm32f4xx_tim.o(.text)
    TIM_GetITStatus                          0x08001c93   Thumb Code    34  stm32f4xx_tim.o(.text)
    TIM_ClearITPendingBit                    0x08001cb5   Thumb Code     6  stm32f4xx_tim.o(.text)
    TIM_DMAConfig                            0x08001cbb   Thumb Code    10  stm32f4xx_tim.o(.text)
    TIM_DMACmd                               0x08001cc5   Thumb Code    18  stm32f4xx_tim.o(.text)
    TIM_SelectCCDMA                          0x08001cd7   Thumb Code    24  stm32f4xx_tim.o(.text)
    TIM_InternalClockConfig                  0x08001cef   Thumb Code    12  stm32f4xx_tim.o(.text)
    TIM_SelectInputTrigger                   0x08001cfb   Thumb Code    18  stm32f4xx_tim.o(.text)
    TIM_ITRxExternalClockConfig              0x08001d0d   Thumb Code    24  stm32f4xx_tim.o(.text)
    TIM_TIxExternalClockConfig               0x08001d25   Thumb Code    62  stm32f4xx_tim.o(.text)
    TIM_ETRConfig                            0x08001d63   Thumb Code    28  stm32f4xx_tim.o(.text)
    TIM_ETRClockMode1Config                  0x08001d7f   Thumb Code    54  stm32f4xx_tim.o(.text)
    TIM_ETRClockMode2Config                  0x08001db5   Thumb Code    32  stm32f4xx_tim.o(.text)
    TIM_SelectOutputTrigger                  0x08001dd5   Thumb Code    18  stm32f4xx_tim.o(.text)
    TIM_SelectSlaveMode                      0x08001de7   Thumb Code    18  stm32f4xx_tim.o(.text)
    TIM_SelectMasterSlaveMode                0x08001df9   Thumb Code    18  stm32f4xx_tim.o(.text)
    TIM_EncoderInterfaceConfig               0x08001e0b   Thumb Code    66  stm32f4xx_tim.o(.text)
    TIM_SelectHallSensor                     0x08001e4d   Thumb Code    24  stm32f4xx_tim.o(.text)
    TIM_RemapConfig                          0x08001e65   Thumb Code     6  stm32f4xx_tim.o(.text)
    NMI_Handler                              0x08001e6d   Thumb Code     2  stm32f4xx_it.o(.text)
    HardFault_Handler                        0x08001e6f   Thumb Code     4  stm32f4xx_it.o(.text)
    MemManage_Handler                        0x08001e73   Thumb Code     4  stm32f4xx_it.o(.text)
    BusFault_Handler                         0x08001e77   Thumb Code     4  stm32f4xx_it.o(.text)
    UsageFault_Handler                       0x08001e7b   Thumb Code     4  stm32f4xx_it.o(.text)
    SVC_Handler                              0x08001e7f   Thumb Code     2  stm32f4xx_it.o(.text)
    DebugMon_Handler                         0x08001e81   Thumb Code     2  stm32f4xx_it.o(.text)
    PendSV_Handler                           0x08001e83   Thumb Code     2  stm32f4xx_it.o(.text)
    USART1_IRQHandler                        0x08001e85   Thumb Code    56  stm32f4xx_it.o(.text)
    delay_init                               0x08001ec1   Thumb Code    48  delay.o(.text)
    delay_us                                 0x08001ef1   Thumb Code    72  delay.o(.text)
    delay_ms                                 0x08001f39   Thumb Code    72  delay.o(.text)
    system_init                              0x08002187   Thumb Code    16  config.o(.text)
    SysTick_Handler                          0x08002197   Thumb Code     2  config.o(.text)
    setup_wifi                               0x080021c1   Thumb Code   354  main.o(.text)
    calcheckcode                             0x08002323   Thumb Code    26  main.o(.text)
    calcheckcode2                            0x0800233d   Thumb Code    26  main.o(.text)
    process_rcv_data                         0x08002357   Thumb Code   104  main.o(.text)
    Hal_Init                                 0x080023bf   Thumb Code    12  main.o(.text)
    main                                     0x080023cb   Thumb Code   160  main.o(.text)
    fputc                                    0x080024a9   Thumb Code     2  hal_uart.o(.text)
    UART_GPIO_Init                           0x080024ab   Thumb Code   134  hal_uart.o(.text)
    UART_Config                              0x08002531   Thumb Code    70  hal_uart.o(.text)
    NVIC_Configuration                       0x08002577   Thumb Code    32  hal_uart.o(.text)
    UART2_Send_DATA                          0x08002597   Thumb Code    28  hal_uart.o(.text)
    UARTx_Init                               0x080025b3   Thumb Code    16  hal_uart.o(.text)
    SendData                                 0x080025c3   Thumb Code    54  hal_uart.o(.text)
    SET_STATUS_PIN                           0x08002601   Thumb Code    12  em380c_hal.o(.text)
    RESET_STATUS_PIN                         0x0800260d   Thumb Code    12  em380c_hal.o(.text)
    SET_WAKEUP_PIN                           0x08002619   Thumb Code    14  em380c_hal.o(.text)
    RESET_WAKEUP_PIN                         0x08002627   Thumb Code    14  em380c_hal.o(.text)
    READ_INT_PIN                             0x08002635   Thumb Code    14  em380c_hal.o(.text)
    EM380C_HAL_Init                          0x08002643   Thumb Code    24  em380c_hal.o(.text)
    UART_send_buf                            0x0800265b   Thumb Code    46  em380c_hal.o(.text)
    UART_receive_buf                         0x08002689   Thumb Code    22  em380c_hal.o(.text)
    USART2_IRQHandler                        0x0800269f   Thumb Code    48  em380c_hal.o(.text)
    calc_sum                                 0x080026e1   Thumb Code    46  emsp.o(.text)
    check_sum                                0x0800270f   Thumb Code    36  emsp.o(.text)
    recv_cmd                                 0x08002733   Thumb Code   352  emsp.o(.text)
    send_cmd                                 0x08002893   Thumb Code   216  emsp.o(.text)
    EMSP_Get_status                          0x08002981   Thumb Code   122  emsp_api.o(.text)
    EM380C_Get_RF_POWER                      0x080029fb   Thumb Code    72  emsp_api.o(.text)
    EM380C_Get_Config                        0x08002a43   Thumb Code    60  emsp_api.o(.text)
    EM380C_Set_Config                        0x08002a7f   Thumb Code    48  emsp_api.o(.text)
    EM380C_Set_RF_POWER                      0x08002aaf   Thumb Code    48  emsp_api.o(.text)
    EM380C_Get_ver                           0x08002adf   Thumb Code    56  emsp_api.o(.text)
    EM380C_Get_APList                        0x08002b17   Thumb Code   218  emsp_api.o(.text)
    EM380C_Send_Data                         0x08002bf1   Thumb Code    50  emsp_api.o(.text)
    EM380C_Set_Mode                          0x08002c23   Thumb Code    44  emsp_api.o(.text)
    EM380C_Sleep                             0x08002c4f   Thumb Code    16  emsp_api.o(.text)
    EM380C_Wakeup                            0x08002c5f   Thumb Code    26  emsp_api.o(.text)
    EM380C_Startup                           0x08002c79   Thumb Code    38  emsp_api.o(.text)
    EM380C_Init                              0x08002c9f   Thumb Code   110  emsp_api.o(.text)
    EM380C_Reset                             0x08002d0d   Thumb Code    38  emsp_api.o(.text)
    LED_delay                                0x08002d49   Thumb Code    24  hal_rgb_led.o(.text)
    ClkProduce                               0x08002d61   Thumb Code    42  hal_rgb_led.o(.text)
    Send32Zero                               0x08002d8b   Thumb Code    32  hal_rgb_led.o(.text)
    TakeAntiCode                             0x08002dab   Thumb Code    12  hal_rgb_led.o(.text)
    DatSend                                  0x08002db7   Thumb Code    54  hal_rgb_led.o(.text)
    DataDealWithAndSend                      0x08002ded   Thumb Code    66  hal_rgb_led.o(.text)
    RGB_LED_Init                             0x08002e2f   Thumb Code   108  hal_rgb_led.o(.text)
    LED_RGB_Control                          0x08002e9b   Thumb Code    34  hal_rgb_led.o(.text)
    TIM3_GPIO_Config                         0x08002ec5   Thumb Code    58  hal_motor.o(.text)
    TIM3_Mode_Config                         0x08002eff   Thumb Code    76  hal_motor.o(.text)
    Motor_Init                               0x08002f4b   Thumb Code    12  hal_motor.o(.text)
    Motor_Control                            0x08002f57   Thumb Code    28  hal_motor.o(.text)
    Motor_status                             0x08002f73   Thumb Code    20  hal_motor.o(.text)
    TIM3_IRQHandler                          0x08002f87   Thumb Code    22  hal_motor.o(.text)
    __aeabi_memcpy                           0x08002fa5   Thumb Code    36  memcpya.o(.text)
    __aeabi_memcpy4                          0x08002fa5   Thumb Code     0  memcpya.o(.text)
    __aeabi_memcpy8                          0x08002fa5   Thumb Code     0  memcpya.o(.text)
    strlen                                   0x08002fc9   Thumb Code    14  strlen.o(.text)
    strcpy                                   0x08002fd7   Thumb Code    18  strcpy.o(.text)
    strcspn                                  0x08002fe9   Thumb Code    34  strcspn.o(.text)
    __scatterload                            0x0800300d   Thumb Code    28  init.o(.text)
    __scatterload_rt2                        0x0800300d   Thumb Code     0  init.o(.text)
    __scatterload_copy                       0x08003031   Thumb Code    14  handlers.o(i.__scatterload_copy)
    __scatterload_null                       0x0800303f   Thumb Code     2  handlers.o(i.__scatterload_null)
    __scatterload_zeroinit                   0x08003041   Thumb Code    14  handlers.o(i.__scatterload_zeroinit)
    malloc                                   0x08003051   Thumb Code    92  malloc.o(i.malloc)
    SERVER_IP                                0x080030bc   Data          13  main.o(.constdata)
    GATEWAY_IP                               0x080030c9   Data          13  main.o(.constdata)
    WIFI_SSID                                0x080030d6   Data           9  main.o(.constdata)
    WIFI_KEY                                 0x080030df   Data           9  main.o(.constdata)
    LOCAL_IP                                 0x080030e8   Data          11  main.o(.constdata)
    Region$$Table$$Base                      0x080030f4   Number         0  anon$$obj.o(Region$$Table)
    Region$$Table$$Limit                     0x08003114   Number         0  anon$$obj.o(Region$$Table)
    SystemCoreClock                          0x20000010   Data           4  system_stm32f4xx.o(.data)
    AHBPrescTable                            0x20000014   Data          16  system_stm32f4xx.o(.data)
    SERVER_PORT                              0x20000028   Data           2  main.o(.data)
    version                                  0x2000002c   Data           4  main.o(.data)
    MS_TIMER                                 0x20000030   Data           4  em380c_hal.o(.data)
    TICK_TIMER                               0x20000034   Data           4  em380c_hal.o(.data)
    SEC_TIMER                                0x20000038   Data           4  em380c_hal.o(.data)
    startsec                                 0x2000003c   Data           4  em380c_hal.o(.data)
    GPIO_InitStructure                       0x20000040   Data           8  em380c_hal.o(.data)
    NVIC_InitStructure                       0x20000048   Data           4  em380c_hal.o(.data)
    buff_pos                                 0x2000004c   Data           4  em380c_hal.o(.data)
    pulse                                    0x20000050   Data           4  em380c_hal.o(.data)
    UART_BaudRate                            0x20000054   Data          20  em380c_hal.o(.data)
    UART_WordLength                          0x20000068   Data           4  em380c_hal.o(.data)
    UART_StopBits                            0x2000006c   Data           8  em380c_hal.o(.data)
    UART_Parity                              0x20000074   Data           6  em380c_hal.o(.data)
    UART_CTSRTS                              0x2000007a   Data           4  em380c_hal.o(.data)
    recvdata                                 0x20000080   Data           4  emsp.o(.data)
    recvlen                                  0x20000084   Data           1  emsp.o(.data)
    buffer_bytes                             0x20000085   Data           1  emsp.o(.data)
    __microlib_freelist                      0x20000088   Data           4  mvars.o(.data)
    __microlib_freelist_initialised          0x2000008c   Data           4  mvars.o(.data)
    rcv_buf_from_server                      0x20000090   Data         256  main.o(.bss)
    sensor_data                              0x20000190   Data          42  main.o(.bss)
    parm                                     0x200001ba   Data         159  main.o(.bss)
    USART_InitStructure                      0x2000025c   Data          16  em380c_hal.o(.bss)
    EM380RxBuffer                            0x2000026c   Data         512  em380c_hal.o(.bss)
    RxBuffer                                 0x2000046c   Data         512  em380c_hal.o(.bss)
    sendbuf                                  0x2000066c   Data         256  emsp.o(.bss)
    recvbuf                                  0x2000076c   Data         256  emsp.o(.bss)
    senddata                                 0x2000086c   Data         200  emsp.o(.bss)
    __heap_base                              0x20000938   Data           0  startup_stm32f401xx.o(HEAP)
    __heap_limit                             0x20000b38   Data           0  startup_stm32f401xx.o(HEAP)
    __initial_sp                             0x20000f38   Data           0  startup_stm32f401xx.o(STACK)



==============================================================================

Memory Map of the image

  Image Entry point : 0x08000189

  Load Region LR_IROM1 (Base: 0x08000000, Size: 0x000031a4, Max: 0x00060000, ABSOLUTE)

    Execution Region ER_IROM1 (Base: 0x08000000, Size: 0x00003114, Max: 0x00060000, ABSOLUTE)

    Base Addr    Size         Type   Attr      Idx    E Section Name        Object

    0x08000000   0x00000188   Data   RO          217    RESET               startup_stm32f401xx.o
    0x08000188   0x00000000   Code   RO          701  * .ARM.Collect$$$$00000000  mc_w.l(entry.o)
    0x08000188   0x00000004   Code   RO         1002    .ARM.Collect$$$$00000001  mc_w.l(entry2.o)
    0x0800018c   0x00000004   Code   RO         1005    .ARM.Collect$$$$00000004  mc_w.l(entry5.o)
    0x08000190   0x00000000   Code   RO         1007    .ARM.Collect$$$$00000008  mc_w.l(entry7b.o)
    0x08000190   0x00000000   Code   RO         1009    .ARM.Collect$$$$0000000A  mc_w.l(entry8b.o)
    0x08000190   0x00000008   Code   RO         1010    .ARM.Collect$$$$0000000B  mc_w.l(entry9a.o)
    0x08000198   0x00000000   Code   RO         1012    .ARM.Collect$$$$0000000D  mc_w.l(entry10a.o)
    0x08000198   0x00000000   Code   RO         1014    .ARM.Collect$$$$0000000F  mc_w.l(entry11a.o)
    0x08000198   0x00000004   Code   RO         1003    .ARM.Collect$$$$00002712  mc_w.l(entry2.o)
    0x0800019c   0x00000294   Code   RO            4    .text               stm32f4xx_gpio.o
    0x08000430   0x00000634   Code   RO           90    .text               stm32f4xx_rcc.o
    0x08000a64   0x00000454   Code   RO          140    .text               stm32f4xx_usart.o
    0x08000eb8   0x000000e0   Code   RO          164    .text               misc.o
    0x08000f98   0x0000020c   Code   RO          188    .text               system_stm32f4xx.o
    0x080011a4   0x00000024   Code   RO          218    .text               startup_stm32f401xx.o
    0x080011c8   0x00000ca2   Code   RO          225    .text               stm32f4xx_tim.o
    0x08001e6a   0x00000002   PAD
    0x08001e6c   0x00000054   Code   RO          249    .text               stm32f4xx_it.o
    0x08001ec0   0x000000cc   Code   RO          276    .text               delay.o
    0x08001f8c   0x00000234   Code   RO          327    .text               config.o
    0x080021c0   0x000002e8   Code   RO          351    .text               main.o
    0x080024a8   0x00000158   Code   RO          417    .text               hal_uart.o
    0x08002600   0x000000e0   Code   RO          458    .text               em380c_hal.o
    0x080026e0   0x000002a0   Code   RO          486    .text               emsp.o
    0x08002980   0x000003c8   Code   RO          517    .text               emsp_api.o
    0x08002d48   0x0000017c   Code   RO          542    .text               hal_rgb_led.o
    0x08002ec4   0x000000e0   Code   RO          653    .text               hal_motor.o
    0x08002fa4   0x00000024   Code   RO          704    .text               mc_w.l(memcpya.o)
    0x08002fc8   0x0000000e   Code   RO          706    .text               mc_w.l(strlen.o)
    0x08002fd6   0x00000012   Code   RO          708    .text               mc_w.l(strcpy.o)
    0x08002fe8   0x00000022   Code   RO          710    .text               mc_w.l(strcspn.o)
    0x0800300a   0x00000002   PAD
    0x0800300c   0x00000024   Code   RO         1034    .text               mc_w.l(init.o)
    0x08003030   0x0000000e   Code   RO         1046    i.__scatterload_copy  mc_w.l(handlers.o)
    0x0800303e   0x00000002   Code   RO         1047    i.__scatterload_null  mc_w.l(handlers.o)
    0x08003040   0x0000000e   Code   RO         1048    i.__scatterload_zeroinit  mc_w.l(handlers.o)
    0x0800304e   0x00000002   PAD
    0x08003050   0x0000006c   Code   RO          975    i.malloc            mc_w.l(malloc.o)
    0x080030bc   0x00000037   Data   RO          353    .constdata          main.o
    0x080030f3   0x00000001   PAD
    0x080030f4   0x00000020   Data   RO         1044    Region$$Table       anon$$obj.o


    Execution Region RW_IRAM1 (Base: 0x20000000, Size: 0x00000f38, Max: 0x00018000, ABSOLUTE)

    Base Addr    Size         Type   Attr      Idx    E Section Name        Object

    0x20000000   0x00000010   Data   RW           91    .data               stm32f4xx_rcc.o
    0x20000010   0x00000014   Data   RW          189    .data               system_stm32f4xx.o
    0x20000024   0x00000004   Data   RW          277    .data               delay.o
    0x20000028   0x00000008   Data   RW          354    .data               main.o
    0x20000030   0x0000004e   Data   RW          460    .data               em380c_hal.o
    0x2000007e   0x00000002   PAD
    0x20000080   0x00000006   Data   RW          488    .data               emsp.o
    0x20000086   0x00000002   PAD
    0x20000088   0x00000004   Data   RW         1021    .data               mc_w.l(mvars.o)
    0x2000008c   0x00000004   Data   RW         1022    .data               mc_w.l(mvars.o)
    0x20000090   0x000001c9   Zero   RW          352    .bss                main.o
    0x20000259   0x00000003   PAD
    0x2000025c   0x00000410   Zero   RW          459    .bss                em380c_hal.o
    0x2000066c   0x000002c8   Zero   RW          487    .bss                emsp.o
    0x20000934   0x00000004   PAD
    0x20000938   0x00000200   Zero   RW          216    HEAP                startup_stm32f401xx.o
    0x20000b38   0x00000400   Zero   RW          215    STACK               startup_stm32f401xx.o


==============================================================================

Image component sizes


      Code (inc. data)   RO Data    RW Data    ZI Data      Debug   Object Name

       564         40          0          0          0       2202   config.o
       204         12          0          4          0       1339   delay.o
       224         18          0         78       1040       3413   em380c_hal.o
       672         36          0          6        712       3072   emsp.o
       968         22          0          0          0       5039   emsp_api.o
       224          8          0          0          0       1490   hal_motor.o
       380          8          0          0          0       2248   hal_rgb_led.o
       344          8          0          0          0       3606   hal_uart.o
       744         62         55          8        457       5822   main.o
       224         20          0          0          0       2017   misc.o
        36          8        392          0       1536        912   startup_stm32f401xx.o
       660         44          0          0          0     254289   stm32f4xx_gpio.o
        84          4          0          0          0       1484   stm32f4xx_it.o
      1588         52          0         16          0      13150   stm32f4xx_rcc.o
      3234         60          0          0          0      23212   stm32f4xx_tim.o
      1108         34          0          0          0       8080   stm32f4xx_usart.o
       524         46          0         20          0       2127   system_stm32f4xx.o

    ----------------------------------------------------------------------
     11784        482        480        136       3752     333502   Object Totals
         0          0         32          0          0          0   (incl. Generated)
         2          0          1          4          7          0   (incl. Padding)

    ----------------------------------------------------------------------

      Code (inc. data)   RO Data    RW Data    ZI Data      Debug   Library Member Name

         0          0          0          0          0          0   entry.o
         0          0          0          0          0          0   entry10a.o
         0          0          0          0          0          0   entry11a.o
         8          4          0          0          0          0   entry2.o
         4          0          0          0          0          0   entry5.o
         0          0          0          0          0          0   entry7b.o
         0          0          0          0          0          0   entry8b.o
         8          4          0          0          0          0   entry9a.o
        30          0          0          0          0          0   handlers.o
        36          8          0          0          0         68   init.o
       108         16          0          0          0         84   malloc.o
        36          0          0          0          0         68   memcpya.o
         0          0          0          8          0          0   mvars.o
        18          0          0          0          0         68   strcpy.o
        34          0          0          0          0         80   strcspn.o
        14          0          0          0          0         68   strlen.o

    ----------------------------------------------------------------------
       300         32          0          8          0        436   Library Totals
         4          0          0          0          0          0   (incl. Padding)

    ----------------------------------------------------------------------

      Code (inc. data)   RO Data    RW Data    ZI Data      Debug   Library Name

       296         32          0          8          0        436   mc_w.l

    ----------------------------------------------------------------------
       300         32          0          8          0        436   Library Totals

    ----------------------------------------------------------------------

==============================================================================


      Code (inc. data)   RO Data    RW Data    ZI Data      Debug   

     12084        514        480        144       3752     330786   Grand Totals
     12084        514        480        144       3752     330786   ELF Image Totals
     12084        514        480        144          0          0   ROM Totals

==============================================================================

    Total RO  Size (Code + RO Data)                12564 (  12.27kB)
    Total RW  Size (RW Data + ZI Data)              3896 (   3.80kB)
    Total ROM Size (Code + RO Data + RW Data)      12708 (  12.41kB)

==============================================================================

